2025-07-19T21:57:06.299Z error: Error: insert into `volunteer_help_requests` (`city`, `county`, `date_needed`, `description`, `help_type`, `id`, `latitude`, `longitude`, `photos`, `title`, `user_id`, `volunteers_needed`) values ('Hanover', 'Coosa', NULL, '', 'other', 77, 33, -86.2, '[]', 'Help me Cleatus!', 79, NULL) - Unknown column 'city' in 'field list'
    at Packet.asError (C:\Users\Nate\Documents\The Local Lantern\the-local-lantern\TheLocalLantern\backend\node_modules\mysql2\lib\packets\packet.js:728:17)
    at Query.execute (C:\Users\Nate\Documents\The Local Lantern\the-local-lantern\TheLocalLantern\backend\node_modules\mysql2\lib\commands\command.js:29:26)
    at Connection.handlePacket (C:\Users\Nate\Documents\The Local Lantern\the-local-lantern\TheLocalLantern\backend\node_modules\mysql2\lib\connection.js:456:32)
    at PacketParser.onPacket (C:\Users\Nate\Documents\The Local Lantern\the-local-lantern\TheLocalLantern\backend\node_modules\mysql2\lib\connection.js:85:12)
    at PacketParser.executeStart (C:\Users\Nate\Documents\The Local Lantern\the-local-lantern\TheLocalLantern\backend\node_modules\mysql2\lib\packet_parser.js:75:16)
    at Socket.<anonymous> (C:\Users\Nate\Documents\The Local Lantern\the-local-lantern\TheLocalLantern\backend\node_modules\mysql2\lib\connection.js:92:25)
    at Socket.emit (node:events:524:28)
    at addChunk (node:internal/streams/readable:561:12)
    at readableAddChunkPushByteMode (node:internal/streams/readable:512:3)
    at Readable.push (node:internal/streams/readable:392:5)
2025-07-21T16:01:32.830Z error: Error: select `cp`.*, `u`.`first_name`, `u`.`last_name`, `u`.`avatar_url`, cc.label AS categoryLabel, `lf`.`lost_or_found`, `lf`.`reward`, `psa`.`severity`, `psa`.`alert_type`, `psa`.`alert_type_other`, `vh`.`help_type`, `vh`.`needed_date`, `vh`.`contact`, MAX(rt.rec_type) AS rec_type, JSON_ARRAYAGG(p.url) AS photos, (select count(*) from `post_likes` where category = 'community_post' AND post_id = cp.id) as `likesCount`, EXISTS (SELECT 1 FROM post_likes WHERE category = 'community_post' AND post_id = cp.id AND user_id = 0) AS viewerLiked from `community_posts` as `cp` inner join `users` as `u` on `cp`.`user_id` = `u`.`id` left join `community_categories` as `cc` on `cp`.`category` = `cc`.`slug` left join `lost_and_found` as `lf` on `cp`.`id` = `lf`.`id` left join `announcements` as `a` on `cp`.`id` = `a`.`id` left join `public_safety_alerts` as `psa` on `cp`.`id` = `psa`.`id` left join `community_photos` as `p` on `cp`.`id` = `p`.`post_id` left join `recommendations_and_tips` as `rt` on `cp`.`id` = `rt`.`id` left join `volunteer_help_requests` as `vh` on `cp`.`id` = `vh`.`id` group by `cp`.`id` order by `cp`.`posted_at` desc - Unknown column 'vh.contact' in 'field list'
    at Packet.asError (C:\Users\Nate\Documents\The Local Lantern\the-local-lantern\TheLocalLantern\backend\node_modules\mysql2\lib\packets\packet.js:728:17)
    at Query.execute (C:\Users\Nate\Documents\The Local Lantern\the-local-lantern\TheLocalLantern\backend\node_modules\mysql2\lib\commands\command.js:29:26)
    at Connection.handlePacket (C:\Users\Nate\Documents\The Local Lantern\the-local-lantern\TheLocalLantern\backend\node_modules\mysql2\lib\connection.js:456:32)
    at PacketParser.onPacket (C:\Users\Nate\Documents\The Local Lantern\the-local-lantern\TheLocalLantern\backend\node_modules\mysql2\lib\connection.js:85:12)
    at PacketParser.executeStart (C:\Users\Nate\Documents\The Local Lantern\the-local-lantern\TheLocalLantern\backend\node_modules\mysql2\lib\packet_parser.js:75:16)
    at Socket.<anonymous> (C:\Users\Nate\Documents\The Local Lantern\the-local-lantern\TheLocalLantern\backend\node_modules\mysql2\lib\connection.js:92:25)
    at Socket.emit (node:events:524:28)
    at addChunk (node:internal/streams/readable:561:12)
    at readableAddChunkPushByteMode (node:internal/streams/readable:512:3)
    at Readable.push (node:internal/streams/readable:392:5)
2025-07-21T16:01:37.539Z error: Error: select `cp`.*, `u`.`first_name`, `u`.`last_name`, `u`.`avatar_url`, cc.label AS categoryLabel, `lf`.`lost_or_found`, `lf`.`reward`, `psa`.`severity`, `psa`.`alert_type`, `psa`.`alert_type_other`, `vh`.`help_type`, `vh`.`needed_date`, `vh`.`contact`, MAX(rt.rec_type) AS rec_type, JSON_ARRAYAGG(p.url) AS photos, (select count(*) from `post_likes` where category = 'community_post' AND post_id = cp.id) as `likesCount`, EXISTS (SELECT 1 FROM post_likes WHERE category = 'community_post' AND post_id = cp.id AND user_id = 0) AS viewerLiked from `community_posts` as `cp` inner join `users` as `u` on `cp`.`user_id` = `u`.`id` left join `community_categories` as `cc` on `cp`.`category` = `cc`.`slug` left join `lost_and_found` as `lf` on `cp`.`id` = `lf`.`id` left join `announcements` as `a` on `cp`.`id` = `a`.`id` left join `public_safety_alerts` as `psa` on `cp`.`id` = `psa`.`id` left join `community_photos` as `p` on `cp`.`id` = `p`.`post_id` left join `recommendations_and_tips` as `rt` on `cp`.`id` = `rt`.`id` left join `volunteer_help_requests` as `vh` on `cp`.`id` = `vh`.`id` group by `cp`.`id` order by `cp`.`posted_at` desc - Unknown column 'vh.contact' in 'field list'
    at Packet.asError (C:\Users\Nate\Documents\The Local Lantern\the-local-lantern\TheLocalLantern\backend\node_modules\mysql2\lib\packets\packet.js:728:17)
    at Query.execute (C:\Users\Nate\Documents\The Local Lantern\the-local-lantern\TheLocalLantern\backend\node_modules\mysql2\lib\commands\command.js:29:26)
    at Connection.handlePacket (C:\Users\Nate\Documents\The Local Lantern\the-local-lantern\TheLocalLantern\backend\node_modules\mysql2\lib\connection.js:456:32)
    at PacketParser.onPacket (C:\Users\Nate\Documents\The Local Lantern\the-local-lantern\TheLocalLantern\backend\node_modules\mysql2\lib\connection.js:85:12)
    at PacketParser.executeStart (C:\Users\Nate\Documents\The Local Lantern\the-local-lantern\TheLocalLantern\backend\node_modules\mysql2\lib\packet_parser.js:75:16)
    at Socket.<anonymous> (C:\Users\Nate\Documents\The Local Lantern\the-local-lantern\TheLocalLantern\backend\node_modules\mysql2\lib\connection.js:92:25)
    at Socket.emit (node:events:524:28)
    at addChunk (node:internal/streams/readable:561:12)
    at readableAddChunkPushByteMode (node:internal/streams/readable:512:3)
    at Readable.push (node:internal/streams/readable:392:5)
2025-07-21T16:01:37.554Z error: Error: select `cp`.*, `u`.`first_name`, `u`.`last_name`, `u`.`avatar_url`, cc.label AS categoryLabel, `lf`.`lost_or_found`, `lf`.`reward`, `psa`.`severity`, `psa`.`alert_type`, `psa`.`alert_type_other`, `vh`.`help_type`, `vh`.`needed_date`, `vh`.`contact`, MAX(rt.rec_type) AS rec_type, JSON_ARRAYAGG(p.url) AS photos, (select count(*) from `post_likes` where category = 'community_post' AND post_id = cp.id) as `likesCount`, EXISTS (SELECT 1 FROM post_likes WHERE category = 'community_post' AND post_id = cp.id AND user_id = 0) AS viewerLiked from `community_posts` as `cp` inner join `users` as `u` on `cp`.`user_id` = `u`.`id` left join `community_categories` as `cc` on `cp`.`category` = `cc`.`slug` left join `lost_and_found` as `lf` on `cp`.`id` = `lf`.`id` left join `announcements` as `a` on `cp`.`id` = `a`.`id` left join `public_safety_alerts` as `psa` on `cp`.`id` = `psa`.`id` left join `community_photos` as `p` on `cp`.`id` = `p`.`post_id` left join `recommendations_and_tips` as `rt` on `cp`.`id` = `rt`.`id` left join `volunteer_help_requests` as `vh` on `cp`.`id` = `vh`.`id` group by `cp`.`id` order by `cp`.`posted_at` desc - Unknown column 'vh.contact' in 'field list'
    at Packet.asError (C:\Users\Nate\Documents\The Local Lantern\the-local-lantern\TheLocalLantern\backend\node_modules\mysql2\lib\packets\packet.js:728:17)
    at Query.execute (C:\Users\Nate\Documents\The Local Lantern\the-local-lantern\TheLocalLantern\backend\node_modules\mysql2\lib\commands\command.js:29:26)
    at Connection.handlePacket (C:\Users\Nate\Documents\The Local Lantern\the-local-lantern\TheLocalLantern\backend\node_modules\mysql2\lib\connection.js:456:32)
    at PacketParser.onPacket (C:\Users\Nate\Documents\The Local Lantern\the-local-lantern\TheLocalLantern\backend\node_modules\mysql2\lib\connection.js:85:12)
    at PacketParser.executeStart (C:\Users\Nate\Documents\The Local Lantern\the-local-lantern\TheLocalLantern\backend\node_modules\mysql2\lib\packet_parser.js:75:16)
    at Socket.<anonymous> (C:\Users\Nate\Documents\The Local Lantern\the-local-lantern\TheLocalLantern\backend\node_modules\mysql2\lib\connection.js:92:25)
    at Socket.emit (node:events:524:28)
    at addChunk (node:internal/streams/readable:561:12)
    at readableAddChunkPushByteMode (node:internal/streams/readable:512:3)
    at Readable.push (node:internal/streams/readable:392:5)
2025-07-21T16:01:37.588Z error: Error: select `cp`.*, `u`.`first_name`, `u`.`last_name`, `u`.`avatar_url`, cc.label AS categoryLabel, `lf`.`lost_or_found`, `lf`.`reward`, `psa`.`severity`, `psa`.`alert_type`, `psa`.`alert_type_other`, `vh`.`help_type`, `vh`.`needed_date`, `vh`.`contact`, MAX(rt.rec_type) AS rec_type, JSON_ARRAYAGG(p.url) AS photos, (select count(*) from `post_likes` where category = 'community_post' AND post_id = cp.id) as `likesCount`, EXISTS (SELECT 1 FROM post_likes WHERE category = 'community_post' AND post_id = cp.id AND user_id = 0) AS viewerLiked from `community_posts` as `cp` inner join `users` as `u` on `cp`.`user_id` = `u`.`id` left join `community_categories` as `cc` on `cp`.`category` = `cc`.`slug` left join `lost_and_found` as `lf` on `cp`.`id` = `lf`.`id` left join `announcements` as `a` on `cp`.`id` = `a`.`id` left join `public_safety_alerts` as `psa` on `cp`.`id` = `psa`.`id` left join `community_photos` as `p` on `cp`.`id` = `p`.`post_id` left join `recommendations_and_tips` as `rt` on `cp`.`id` = `rt`.`id` left join `volunteer_help_requests` as `vh` on `cp`.`id` = `vh`.`id` where `cp`.`category` = 'lost-and-found' group by `cp`.`id` order by `cp`.`posted_at` desc - Unknown column 'vh.contact' in 'field list'
    at Packet.asError (C:\Users\Nate\Documents\The Local Lantern\the-local-lantern\TheLocalLantern\backend\node_modules\mysql2\lib\packets\packet.js:728:17)
    at Query.execute (C:\Users\Nate\Documents\The Local Lantern\the-local-lantern\TheLocalLantern\backend\node_modules\mysql2\lib\commands\command.js:29:26)
    at Connection.handlePacket (C:\Users\Nate\Documents\The Local Lantern\the-local-lantern\TheLocalLantern\backend\node_modules\mysql2\lib\connection.js:456:32)
    at PacketParser.onPacket (C:\Users\Nate\Documents\The Local Lantern\the-local-lantern\TheLocalLantern\backend\node_modules\mysql2\lib\connection.js:85:12)
    at PacketParser.executeStart (C:\Users\Nate\Documents\The Local Lantern\the-local-lantern\TheLocalLantern\backend\node_modules\mysql2\lib\packet_parser.js:75:16)
    at Socket.<anonymous> (C:\Users\Nate\Documents\The Local Lantern\the-local-lantern\TheLocalLantern\backend\node_modules\mysql2\lib\connection.js:92:25)
    at Socket.emit (node:events:524:28)
    at addChunk (node:internal/streams/readable:561:12)
    at readableAddChunkPushByteMode (node:internal/streams/readable:512:3)
    at Readable.push (node:internal/streams/readable:392:5)
2025-07-21T16:01:38.807Z error: Error: select `cp`.*, `u`.`first_name`, `u`.`last_name`, `u`.`avatar_url`, cc.label AS categoryLabel, `lf`.`lost_or_found`, `lf`.`reward`, `psa`.`severity`, `psa`.`alert_type`, `psa`.`alert_type_other`, `vh`.`help_type`, `vh`.`needed_date`, `vh`.`contact`, MAX(rt.rec_type) AS rec_type, JSON_ARRAYAGG(p.url) AS photos, (select count(*) from `post_likes` where category = 'community_post' AND post_id = cp.id) as `likesCount`, EXISTS (SELECT 1 FROM post_likes WHERE category = 'community_post' AND post_id = cp.id AND user_id = 0) AS viewerLiked from `community_posts` as `cp` inner join `users` as `u` on `cp`.`user_id` = `u`.`id` left join `community_categories` as `cc` on `cp`.`category` = `cc`.`slug` left join `lost_and_found` as `lf` on `cp`.`id` = `lf`.`id` left join `announcements` as `a` on `cp`.`id` = `a`.`id` left join `public_safety_alerts` as `psa` on `cp`.`id` = `psa`.`id` left join `community_photos` as `p` on `cp`.`id` = `p`.`post_id` left join `recommendations_and_tips` as `rt` on `cp`.`id` = `rt`.`id` left join `volunteer_help_requests` as `vh` on `cp`.`id` = `vh`.`id` where `cp`.`category` = 'lost-and-found' group by `cp`.`id` order by `cp`.`posted_at` desc - Unknown column 'vh.contact' in 'field list'
    at Packet.asError (C:\Users\Nate\Documents\The Local Lantern\the-local-lantern\TheLocalLantern\backend\node_modules\mysql2\lib\packets\packet.js:728:17)
    at Query.execute (C:\Users\Nate\Documents\The Local Lantern\the-local-lantern\TheLocalLantern\backend\node_modules\mysql2\lib\commands\command.js:29:26)
    at Connection.handlePacket (C:\Users\Nate\Documents\The Local Lantern\the-local-lantern\TheLocalLantern\backend\node_modules\mysql2\lib\connection.js:456:32)
    at PacketParser.onPacket (C:\Users\Nate\Documents\The Local Lantern\the-local-lantern\TheLocalLantern\backend\node_modules\mysql2\lib\connection.js:85:12)
    at PacketParser.executeStart (C:\Users\Nate\Documents\The Local Lantern\the-local-lantern\TheLocalLantern\backend\node_modules\mysql2\lib\packet_parser.js:75:16)
    at Socket.<anonymous> (C:\Users\Nate\Documents\The Local Lantern\the-local-lantern\TheLocalLantern\backend\node_modules\mysql2\lib\connection.js:92:25)
    at Socket.emit (node:events:524:28)
    at addChunk (node:internal/streams/readable:561:12)
    at readableAddChunkPushByteMode (node:internal/streams/readable:512:3)
    at Readable.push (node:internal/streams/readable:392:5)
2025-07-21T16:01:38.823Z error: Error: select `cp`.*, `u`.`first_name`, `u`.`last_name`, `u`.`avatar_url`, cc.label AS categoryLabel, `lf`.`lost_or_found`, `lf`.`reward`, `psa`.`severity`, `psa`.`alert_type`, `psa`.`alert_type_other`, `vh`.`help_type`, `vh`.`needed_date`, `vh`.`contact`, MAX(rt.rec_type) AS rec_type, JSON_ARRAYAGG(p.url) AS photos, (select count(*) from `post_likes` where category = 'community_post' AND post_id = cp.id) as `likesCount`, EXISTS (SELECT 1 FROM post_likes WHERE category = 'community_post' AND post_id = cp.id AND user_id = 0) AS viewerLiked from `community_posts` as `cp` inner join `users` as `u` on `cp`.`user_id` = `u`.`id` left join `community_categories` as `cc` on `cp`.`category` = `cc`.`slug` left join `lost_and_found` as `lf` on `cp`.`id` = `lf`.`id` left join `announcements` as `a` on `cp`.`id` = `a`.`id` left join `public_safety_alerts` as `psa` on `cp`.`id` = `psa`.`id` left join `community_photos` as `p` on `cp`.`id` = `p`.`post_id` left join `recommendations_and_tips` as `rt` on `cp`.`id` = `rt`.`id` left join `volunteer_help_requests` as `vh` on `cp`.`id` = `vh`.`id` where `cp`.`category` = 'lost-and-found' group by `cp`.`id` order by `cp`.`posted_at` desc - Unknown column 'vh.contact' in 'field list'
    at Packet.asError (C:\Users\Nate\Documents\The Local Lantern\the-local-lantern\TheLocalLantern\backend\node_modules\mysql2\lib\packets\packet.js:728:17)
    at Query.execute (C:\Users\Nate\Documents\The Local Lantern\the-local-lantern\TheLocalLantern\backend\node_modules\mysql2\lib\commands\command.js:29:26)
    at Connection.handlePacket (C:\Users\Nate\Documents\The Local Lantern\the-local-lantern\TheLocalLantern\backend\node_modules\mysql2\lib\connection.js:456:32)
    at PacketParser.onPacket (C:\Users\Nate\Documents\The Local Lantern\the-local-lantern\TheLocalLantern\backend\node_modules\mysql2\lib\connection.js:85:12)
    at PacketParser.executeStart (C:\Users\Nate\Documents\The Local Lantern\the-local-lantern\TheLocalLantern\backend\node_modules\mysql2\lib\packet_parser.js:75:16)
    at Socket.<anonymous> (C:\Users\Nate\Documents\The Local Lantern\the-local-lantern\TheLocalLantern\backend\node_modules\mysql2\lib\connection.js:92:25)
    at Socket.emit (node:events:524:28)
    at addChunk (node:internal/streams/readable:561:12)
    at readableAddChunkPushByteMode (node:internal/streams/readable:512:3)
    at Readable.push (node:internal/streams/readable:392:5)
2025-07-21T16:01:38.850Z error: Error: select `cp`.*, `u`.`first_name`, `u`.`last_name`, `u`.`avatar_url`, cc.label AS categoryLabel, `lf`.`lost_or_found`, `lf`.`reward`, `psa`.`severity`, `psa`.`alert_type`, `psa`.`alert_type_other`, `vh`.`help_type`, `vh`.`needed_date`, `vh`.`contact`, MAX(rt.rec_type) AS rec_type, JSON_ARRAYAGG(p.url) AS photos, (select count(*) from `post_likes` where category = 'community_post' AND post_id = cp.id) as `likesCount`, EXISTS (SELECT 1 FROM post_likes WHERE category = 'community_post' AND post_id = cp.id AND user_id = 0) AS viewerLiked from `community_posts` as `cp` inner join `users` as `u` on `cp`.`user_id` = `u`.`id` left join `community_categories` as `cc` on `cp`.`category` = `cc`.`slug` left join `lost_and_found` as `lf` on `cp`.`id` = `lf`.`id` left join `announcements` as `a` on `cp`.`id` = `a`.`id` left join `public_safety_alerts` as `psa` on `cp`.`id` = `psa`.`id` left join `community_photos` as `p` on `cp`.`id` = `p`.`post_id` left join `recommendations_and_tips` as `rt` on `cp`.`id` = `rt`.`id` left join `volunteer_help_requests` as `vh` on `cp`.`id` = `vh`.`id` group by `cp`.`id` order by `cp`.`posted_at` desc - Unknown column 'vh.contact' in 'field list'
    at Packet.asError (C:\Users\Nate\Documents\The Local Lantern\the-local-lantern\TheLocalLantern\backend\node_modules\mysql2\lib\packets\packet.js:728:17)
    at Query.execute (C:\Users\Nate\Documents\The Local Lantern\the-local-lantern\TheLocalLantern\backend\node_modules\mysql2\lib\commands\command.js:29:26)
    at Connection.handlePacket (C:\Users\Nate\Documents\The Local Lantern\the-local-lantern\TheLocalLantern\backend\node_modules\mysql2\lib\connection.js:456:32)
    at PacketParser.onPacket (C:\Users\Nate\Documents\The Local Lantern\the-local-lantern\TheLocalLantern\backend\node_modules\mysql2\lib\connection.js:85:12)
    at PacketParser.executeStart (C:\Users\Nate\Documents\The Local Lantern\the-local-lantern\TheLocalLantern\backend\node_modules\mysql2\lib\packet_parser.js:75:16)
    at Socket.<anonymous> (C:\Users\Nate\Documents\The Local Lantern\the-local-lantern\TheLocalLantern\backend\node_modules\mysql2\lib\connection.js:92:25)
    at Socket.emit (node:events:524:28)
    at addChunk (node:internal/streams/readable:561:12)
    at readableAddChunkPushByteMode (node:internal/streams/readable:512:3)
    at Readable.push (node:internal/streams/readable:392:5)
2025-07-22T02:00:37.830Z error: Error: select `cp`.*, `u`.`first_name`, `u`.`last_name`, `u`.`avatar_url`, cc.label AS categoryLabel, `lf`.`lost_or_found`, `lf`.`reward`, `psa`.`severity`, `psa`.`alert_type`, `psa`.`alert_type_other`, `vh`.`help_type`, `vh`.`needed_date`, `vh`.`contact`, MAX(rt.rec_type) AS rec_type, JSON_ARRAYAGG(p.url) AS photos, (select count(*) from `post_likes` where category = 'community_post' AND post_id = cp.id) as `likesCount`, EXISTS (SELECT 1 FROM post_likes WHERE category = 'community_post' AND post_id = cp.id AND user_id = 0) AS viewerLiked from `community_posts` as `cp` inner join `users` as `u` on `cp`.`user_id` = `u`.`id` left join `community_categories` as `cc` on `cp`.`category` = `cc`.`slug` left join `lost_and_found` as `lf` on `cp`.`id` = `lf`.`id` left join `announcements` as `a` on `cp`.`id` = `a`.`id` left join `public_safety_alerts` as `psa` on `cp`.`id` = `psa`.`id` left join `community_photos` as `p` on `cp`.`id` = `p`.`post_id` left join `recommendations_and_tips` as `rt` on `cp`.`id` = `rt`.`id` left join `volunteer_help_requests` as `vh` on `cp`.`id` = `vh`.`id` group by `cp`.`id` order by `cp`.`posted_at` desc - Unknown column 'vh.contact' in 'field list'
    at Packet.asError (C:\Users\Nate\Documents\The Local Lantern\the-local-lantern\TheLocalLantern\backend\node_modules\mysql2\lib\packets\packet.js:728:17)
    at Query.execute (C:\Users\Nate\Documents\The Local Lantern\the-local-lantern\TheLocalLantern\backend\node_modules\mysql2\lib\commands\command.js:29:26)
    at Connection.handlePacket (C:\Users\Nate\Documents\The Local Lantern\the-local-lantern\TheLocalLantern\backend\node_modules\mysql2\lib\connection.js:456:32)
    at PacketParser.onPacket (C:\Users\Nate\Documents\The Local Lantern\the-local-lantern\TheLocalLantern\backend\node_modules\mysql2\lib\connection.js:85:12)
    at PacketParser.executeStart (C:\Users\Nate\Documents\The Local Lantern\the-local-lantern\TheLocalLantern\backend\node_modules\mysql2\lib\packet_parser.js:75:16)
    at Socket.<anonymous> (C:\Users\Nate\Documents\The Local Lantern\the-local-lantern\TheLocalLantern\backend\node_modules\mysql2\lib\connection.js:92:25)
    at Socket.emit (node:events:524:28)
    at addChunk (node:internal/streams/readable:561:12)
    at readableAddChunkPushByteMode (node:internal/streams/readable:512:3)
    at Readable.push (node:internal/streams/readable:392:5)
2025-07-22T19:03:25.706Z error: Error: select `cp`.*, `u`.`first_name`, `u`.`last_name`, `u`.`avatar_url`, cc.label AS categoryLabel, `lf`.`lost_or_found`, `lf`.`reward`, `psa`.`severity`, `psa`.`alert_type`, `psa`.`alert_type_other`, `vh`.`help_type`, `vh`.`needed_date`, `vh`.`contact`, MAX(rt.rec_type) AS rec_type, JSON_ARRAYAGG(p.url) AS photos, (select count(*) from `post_likes` where category = 'community_post' AND post_id = cp.id) as `likesCount`, EXISTS (SELECT 1 FROM post_likes WHERE category = 'community_post' AND post_id = cp.id AND user_id = 0) AS viewerLiked from `community_posts` as `cp` inner join `users` as `u` on `cp`.`user_id` = `u`.`id` left join `community_categories` as `cc` on `cp`.`category` = `cc`.`slug` left join `lost_and_found` as `lf` on `cp`.`id` = `lf`.`id` left join `announcements` as `a` on `cp`.`id` = `a`.`id` left join `public_safety_alerts` as `psa` on `cp`.`id` = `psa`.`id` left join `community_photos` as `p` on `cp`.`id` = `p`.`post_id` left join `recommendations_and_tips` as `rt` on `cp`.`id` = `rt`.`id` left join `volunteer_help_requests` as `vh` on `cp`.`id` = `vh`.`id` group by `cp`.`id` order by `cp`.`posted_at` desc - Unknown column 'vh.contact' in 'field list'
    at Packet.asError (C:\Users\Nate\Documents\The Local Lantern\the-local-lantern\TheLocalLantern\backend\node_modules\mysql2\lib\packets\packet.js:728:17)
    at Query.execute (C:\Users\Nate\Documents\The Local Lantern\the-local-lantern\TheLocalLantern\backend\node_modules\mysql2\lib\commands\command.js:29:26)
    at Connection.handlePacket (C:\Users\Nate\Documents\The Local Lantern\the-local-lantern\TheLocalLantern\backend\node_modules\mysql2\lib\connection.js:456:32)
    at PacketParser.onPacket (C:\Users\Nate\Documents\The Local Lantern\the-local-lantern\TheLocalLantern\backend\node_modules\mysql2\lib\connection.js:85:12)
    at PacketParser.executeStart (C:\Users\Nate\Documents\The Local Lantern\the-local-lantern\TheLocalLantern\backend\node_modules\mysql2\lib\packet_parser.js:75:16)
    at Socket.<anonymous> (C:\Users\Nate\Documents\The Local Lantern\the-local-lantern\TheLocalLantern\backend\node_modules\mysql2\lib\connection.js:92:25)
    at Socket.emit (node:events:524:28)
    at addChunk (node:internal/streams/readable:561:12)
    at readableAddChunkPushByteMode (node:internal/streams/readable:512:3)
    at Readable.push (node:internal/streams/readable:392:5)
2025-07-30T23:24:59.751Z error: Error: select `cp`.*, `u`.`first_name`, `u`.`last_name`, `u`.`avatar_url`, cc.label AS categoryLabel, `lf`.`lost_or_found`, `lf`.`reward`, `psa`.`severity`, `psa`.`alert_type`, `psa`.`alert_type_other`, `vh`.`help_type`, `vh`.`needed_date`, `vh`.`contact`, MAX(rt.rec_type) AS rec_type, JSON_ARRAYAGG(p.url) AS photos, (select count(*) from `post_likes` where category = 'community_post' AND post_id = cp.id) as `likesCount`, EXISTS (SELECT 1 FROM post_likes WHERE category = 'community_post' AND post_id = cp.id AND user_id = 0) AS viewerLiked from `community_posts` as `cp` inner join `users` as `u` on `cp`.`user_id` = `u`.`id` left join `community_categories` as `cc` on `cp`.`category` = `cc`.`slug` left join `lost_and_found` as `lf` on `cp`.`id` = `lf`.`id` left join `announcements` as `a` on `cp`.`id` = `a`.`id` left join `public_safety_alerts` as `psa` on `cp`.`id` = `psa`.`id` left join `community_photos` as `p` on `cp`.`id` = `p`.`post_id` left join `recommendations_and_tips` as `rt` on `cp`.`id` = `rt`.`id` left join `volunteer_help_requests` as `vh` on `cp`.`id` = `vh`.`id` group by `cp`.`id` order by `cp`.`posted_at` desc - Unknown column 'psa.severity' in 'field list'
    at Packet.asError (C:\Users\Nate\Documents\The Local Lantern\the-local-lantern\TheLocalLantern\backend\node_modules\mysql2\lib\packets\packet.js:728:17)
    at Query.execute (C:\Users\Nate\Documents\The Local Lantern\the-local-lantern\TheLocalLantern\backend\node_modules\mysql2\lib\commands\command.js:29:26)
    at Connection.handlePacket (C:\Users\Nate\Documents\The Local Lantern\the-local-lantern\TheLocalLantern\backend\node_modules\mysql2\lib\connection.js:456:32)
    at PacketParser.onPacket (C:\Users\Nate\Documents\The Local Lantern\the-local-lantern\TheLocalLantern\backend\node_modules\mysql2\lib\connection.js:85:12)
    at PacketParser.executeStart (C:\Users\Nate\Documents\The Local Lantern\the-local-lantern\TheLocalLantern\backend\node_modules\mysql2\lib\packet_parser.js:75:16)
    at Socket.<anonymous> (C:\Users\Nate\Documents\The Local Lantern\the-local-lantern\TheLocalLantern\backend\node_modules\mysql2\lib\connection.js:92:25)
    at Socket.emit (node:events:524:28)
    at addChunk (node:internal/streams/readable:561:12)
    at readableAddChunkPushByteMode (node:internal/streams/readable:512:3)
    at Readable.push (node:internal/streams/readable:392:5)
2025-07-30T23:25:31.020Z error: Error: select `cp`.*, `u`.`first_name`, `u`.`last_name`, `u`.`avatar_url`, cc.label AS categoryLabel, `lf`.`lost_or_found`, `lf`.`reward`, `psa`.`severity`, `psa`.`alert_type`, `psa`.`alert_type_other`, `vh`.`help_type`, `vh`.`needed_date`, `vh`.`contact`, MAX(rt.rec_type) AS rec_type, JSON_ARRAYAGG(p.url) AS photos, (select count(*) from `post_likes` where category = 'community_post' AND post_id = cp.id) as `likesCount`, EXISTS (SELECT 1 FROM post_likes WHERE category = 'community_post' AND post_id = cp.id AND user_id = 0) AS viewerLiked from `community_posts` as `cp` inner join `users` as `u` on `cp`.`user_id` = `u`.`id` left join `community_categories` as `cc` on `cp`.`category` = `cc`.`slug` left join `lost_and_found` as `lf` on `cp`.`id` = `lf`.`id` left join `announcements` as `a` on `cp`.`id` = `a`.`id` left join `public_safety_alerts` as `psa` on `cp`.`id` = `psa`.`id` left join `community_photos` as `p` on `cp`.`id` = `p`.`post_id` left join `recommendations_and_tips` as `rt` on `cp`.`id` = `rt`.`id` left join `volunteer_help_requests` as `vh` on `cp`.`id` = `vh`.`id` group by `cp`.`id` order by `cp`.`posted_at` desc - Unknown column 'psa.severity' in 'field list'
    at Packet.asError (C:\Users\Nate\Documents\The Local Lantern\the-local-lantern\TheLocalLantern\backend\node_modules\mysql2\lib\packets\packet.js:728:17)
    at Query.execute (C:\Users\Nate\Documents\The Local Lantern\the-local-lantern\TheLocalLantern\backend\node_modules\mysql2\lib\commands\command.js:29:26)
    at Connection.handlePacket (C:\Users\Nate\Documents\The Local Lantern\the-local-lantern\TheLocalLantern\backend\node_modules\mysql2\lib\connection.js:456:32)
    at PacketParser.onPacket (C:\Users\Nate\Documents\The Local Lantern\the-local-lantern\TheLocalLantern\backend\node_modules\mysql2\lib\connection.js:85:12)
    at PacketParser.executeStart (C:\Users\Nate\Documents\The Local Lantern\the-local-lantern\TheLocalLantern\backend\node_modules\mysql2\lib\packet_parser.js:75:16)
    at Socket.<anonymous> (C:\Users\Nate\Documents\The Local Lantern\the-local-lantern\TheLocalLantern\backend\node_modules\mysql2\lib\connection.js:92:25)
    at Socket.emit (node:events:524:28)
    at addChunk (node:internal/streams/readable:561:12)
    at readableAddChunkPushByteMode (node:internal/streams/readable:512:3)
    at Readable.push (node:internal/streams/readable:392:5)
2025-07-31T03:17:32.895Z error: Error: The file at ./gcs-key.json does not exist, or it is not a file. ENOENT: no such file or directory, lstat 'C:\Users\Nate\Documents\The Local Lantern\the-local-lantern\TheLocalLantern\backend\gcs-key.json'
    at Object.realpathSync (node:fs:2787:29)
    at GoogleAuth._getApplicationCredentialsFromFilePath (C:\Users\Nate\Documents\The Local Lantern\the-local-lantern\TheLocalLantern\backend\node_modules\google-auth-library\build\src\auth\googleauth.js:375:27)
    at GoogleAuth._tryGetApplicationCredentialsFromEnvironmentVariable (C:\Users\Nate\Documents\The Local Lantern\the-local-lantern\TheLocalLantern\backend\node_modules\google-auth-library\build\src\auth\googleauth.js:316:25)
    at GoogleAuth.getApplicationDefaultAsync (C:\Users\Nate\Documents\The Local Lantern\the-local-lantern\TheLocalLantern\backend\node_modules\google-auth-library\build\src\auth\googleauth.js:260:24)
    at GoogleAuth._GoogleAuth_determineClient (C:\Users\Nate\Documents\The Local Lantern\the-local-lantern\TheLocalLantern\backend\node_modules\google-auth-library\build\src\auth\googleauth.js:834:43)
    at GoogleAuth.getClient (C:\Users\Nate\Documents\The Local Lantern\the-local-lantern\TheLocalLantern\backend\node_modules\google-auth-library\build\src\auth\googleauth.js:696:223)
    at GoogleAuth.request (C:\Users\Nate\Documents\The Local Lantern\the-local-lantern\TheLocalLantern\backend\node_modules\google-auth-library\build\src\auth\googleauth.js:753:35)
    at Upload.makeRequest (file:///C:/Users/Nate/Documents/The%20Local%20Lantern/the-local-lantern/TheLocalLantern/backend/node_modules/@google-cloud/storage/build/esm/src/resumable-upload.js:724:43)
    at AsyncRetry.retries (file:///C:/Users/Nate/Documents/The%20Local%20Lantern/the-local-lantern/TheLocalLantern/backend/node_modules/@google-cloud/storage/build/esm/src/resumable-upload.js:390:40)
    at RetryOperation.runAttempt [as _fn] (C:\Users\Nate\Documents\The Local Lantern\the-local-lantern\TheLocalLantern\backend\node_modules\async-retry\lib\index.js:42:15)
2025-07-31T18:49:07.398Z error: InternalOAuthError: Failed to obtain access token
    at OAuth2Strategy._createOAuthError (C:\Users\Nate\Documents\The Local Lantern\the-local-lantern\TheLocalLantern\backend\node_modules\passport-oauth2\lib\strategy.js:423:17)
    at C:\Users\Nate\Documents\The Local Lantern\the-local-lantern\TheLocalLantern\backend\node_modules\passport-oauth2\lib\strategy.js:177:45
    at C:\Users\Nate\Documents\The Local Lantern\the-local-lantern\TheLocalLantern\backend\node_modules\oauth\lib\oauth2.js:196:18
    at ClientRequest.<anonymous> (C:\Users\Nate\Documents\The Local Lantern\the-local-lantern\TheLocalLantern\backend\node_modules\oauth\lib\oauth2.js:166:7)
    at ClientRequest.emit (node:events:524:28)
    at emitErrorEvent (node:_http_client:104:11)
    at TLSSocket.socketErrorListener (node:_http_client:518:5)
    at TLSSocket.emit (node:events:524:28)
    at emitErrorNT (node:internal/streams/destroy:170:8)
    at emitErrorCloseNT (node:internal/streams/destroy:129:3)
2025-07-31T20:22:26.858Z error: InternalOAuthError: Failed to obtain access token
    at OAuth2Strategy._createOAuthError (C:\Users\Nate\Documents\The Local Lantern\the-local-lantern\TheLocalLantern\backend\node_modules\passport-oauth2\lib\strategy.js:423:17)
    at C:\Users\Nate\Documents\The Local Lantern\the-local-lantern\TheLocalLantern\backend\node_modules\passport-oauth2\lib\strategy.js:177:45
    at C:\Users\Nate\Documents\The Local Lantern\the-local-lantern\TheLocalLantern\backend\node_modules\oauth\lib\oauth2.js:196:18
    at ClientRequest.<anonymous> (C:\Users\Nate\Documents\The Local Lantern\the-local-lantern\TheLocalLantern\backend\node_modules\oauth\lib\oauth2.js:166:7)
    at ClientRequest.emit (node:events:524:28)
    at emitErrorEvent (node:_http_client:104:11)
    at TLSSocket.socketErrorListener (node:_http_client:518:5)
    at TLSSocket.emit (node:events:524:28)
    at emitErrorNT (node:internal/streams/destroy:170:8)
    at emitErrorCloseNT (node:internal/streams/destroy:129:3)
2025-08-08T18:00:45.982Z error: Error: select `pc`.*, `u`.`first_name`, `u`.`last_name`, `u`.`avatar_url`, cp.url AS image, (SELECT COUNT(*) FROM comment_likes WHERE comment_id = pc.id) AS likesCount, EXISTS (SELECT 1 FROM comment_likes WHERE comment_id = pc.id AND user_id = 0) AS viewerLiked from `post_comments` as `pc` inner join `users` as `u` on `pc`.`user_id` = `u`.`id` left join `comment_photos` as `cp` on `pc`.`id` = `cp`.`comment_id` where `pc`.`post_id` = 79 and `pc`.`category` = 'community_post' order by likesCount DESC, pc.created_at DESC - Table 'thelocallantern.comment_photos' doesn't exist
    at Packet.asError (C:\Users\Nate\Documents\The Local Lantern\the-local-lantern\TheLocalLantern\backend\node_modules\mysql2\lib\packets\packet.js:728:17)
    at Query.execute (C:\Users\Nate\Documents\The Local Lantern\the-local-lantern\TheLocalLantern\backend\node_modules\mysql2\lib\commands\command.js:29:26)
    at Connection.handlePacket (C:\Users\Nate\Documents\The Local Lantern\the-local-lantern\TheLocalLantern\backend\node_modules\mysql2\lib\connection.js:456:32)
    at PacketParser.onPacket (C:\Users\Nate\Documents\The Local Lantern\the-local-lantern\TheLocalLantern\backend\node_modules\mysql2\lib\connection.js:85:12)
    at PacketParser.executeStart (C:\Users\Nate\Documents\The Local Lantern\the-local-lantern\TheLocalLantern\backend\node_modules\mysql2\lib\packet_parser.js:75:16)
    at Socket.<anonymous> (C:\Users\Nate\Documents\The Local Lantern\the-local-lantern\TheLocalLantern\backend\node_modules\mysql2\lib\connection.js:92:25)
    at Socket.emit (node:events:524:28)
    at addChunk (node:internal/streams/readable:561:12)
    at readableAddChunkPushByteMode (node:internal/streams/readable:512:3)
    at Readable.push (node:internal/streams/readable:392:5)
2025-08-08T18:08:23.754Z error: Error: select `pc`.*, `u`.`first_name`, `u`.`last_name`, `u`.`avatar_url`, cp.url AS image, (SELECT COUNT(*) FROM comment_likes WHERE comment_id = pc.id) AS likesCount, EXISTS (SELECT 1 FROM comment_likes WHERE comment_id = pc.id AND user_id = 0) AS viewerLiked from `post_comments` as `pc` inner join `users` as `u` on `pc`.`user_id` = `u`.`id` left join `comment_photos` as `cp` on `pc`.`id` = `cp`.`comment_id` where `pc`.`post_id` = 79 and `pc`.`category` = 'community_post' order by likesCount DESC, pc.created_at DESC - Table 'thelocallantern.comment_photos' doesn't exist
    at Packet.asError (C:\Users\Nate\Documents\The Local Lantern\the-local-lantern\TheLocalLantern\backend\node_modules\mysql2\lib\packets\packet.js:728:17)
    at Query.execute (C:\Users\Nate\Documents\The Local Lantern\the-local-lantern\TheLocalLantern\backend\node_modules\mysql2\lib\commands\command.js:29:26)
    at Connection.handlePacket (C:\Users\Nate\Documents\The Local Lantern\the-local-lantern\TheLocalLantern\backend\node_modules\mysql2\lib\connection.js:456:32)
    at PacketParser.onPacket (C:\Users\Nate\Documents\The Local Lantern\the-local-lantern\TheLocalLantern\backend\node_modules\mysql2\lib\connection.js:85:12)
    at PacketParser.executeStart (C:\Users\Nate\Documents\The Local Lantern\the-local-lantern\TheLocalLantern\backend\node_modules\mysql2\lib\packet_parser.js:75:16)
    at Socket.<anonymous> (C:\Users\Nate\Documents\The Local Lantern\the-local-lantern\TheLocalLantern\backend\node_modules\mysql2\lib\connection.js:92:25)
    at Socket.emit (node:events:524:28)
    at addChunk (node:internal/streams/readable:561:12)
    at readableAddChunkPushByteMode (node:internal/streams/readable:512:3)
    at Readable.push (node:internal/streams/readable:392:5)
2025-08-08T18:08:41.541Z error: Error: select `pc`.*, `u`.`first_name`, `u`.`last_name`, `u`.`avatar_url`, cp.url AS image, (SELECT COUNT(*) FROM comment_likes WHERE comment_id = pc.id) AS likesCount, EXISTS (SELECT 1 FROM comment_likes WHERE comment_id = pc.id AND user_id = 0) AS viewerLiked from `post_comments` as `pc` inner join `users` as `u` on `pc`.`user_id` = `u`.`id` left join `comment_photos` as `cp` on `pc`.`id` = `cp`.`comment_id` where `pc`.`post_id` = 79 and `pc`.`category` = 'community_post' order by likesCount DESC, pc.created_at DESC - Table 'thelocallantern.comment_photos' doesn't exist
    at Packet.asError (C:\Users\Nate\Documents\The Local Lantern\the-local-lantern\TheLocalLantern\backend\node_modules\mysql2\lib\packets\packet.js:728:17)
    at Query.execute (C:\Users\Nate\Documents\The Local Lantern\the-local-lantern\TheLocalLantern\backend\node_modules\mysql2\lib\commands\command.js:29:26)
    at Connection.handlePacket (C:\Users\Nate\Documents\The Local Lantern\the-local-lantern\TheLocalLantern\backend\node_modules\mysql2\lib\connection.js:456:32)
    at PacketParser.onPacket (C:\Users\Nate\Documents\The Local Lantern\the-local-lantern\TheLocalLantern\backend\node_modules\mysql2\lib\connection.js:85:12)
    at PacketParser.executeStart (C:\Users\Nate\Documents\The Local Lantern\the-local-lantern\TheLocalLantern\backend\node_modules\mysql2\lib\packet_parser.js:75:16)
    at Socket.<anonymous> (C:\Users\Nate\Documents\The Local Lantern\the-local-lantern\TheLocalLantern\backend\node_modules\mysql2\lib\connection.js:92:25)
    at Socket.emit (node:events:524:28)
    at addChunk (node:internal/streams/readable:561:12)
    at readableAddChunkPushByteMode (node:internal/streams/readable:512:3)
    at Readable.push (node:internal/streams/readable:392:5)
2025-10-14T19:38:25.499Z error: Error: update `users` set `bio` = '', `privacy_json` = {}, `updated_at` = CURRENT_TIMESTAMP where `id` = 79 - You have an error in your SQL syntax; check the manual that corresponds to your MySQL server version for the right syntax to use near ', `updated_at` = CURRENT_TIMESTAMP where `id` = 79' at line 1
    at Packet.asError (C:\Users\Nate\Documents\The Local Lantern\the-local-lantern\TheLocalLantern\backend\node_modules\mysql2\lib\packets\packet.js:728:17)
    at Query.execute (C:\Users\Nate\Documents\The Local Lantern\the-local-lantern\TheLocalLantern\backend\node_modules\mysql2\lib\commands\command.js:29:26)
    at Connection.handlePacket (C:\Users\Nate\Documents\The Local Lantern\the-local-lantern\TheLocalLantern\backend\node_modules\mysql2\lib\connection.js:456:32)
    at PacketParser.onPacket (C:\Users\Nate\Documents\The Local Lantern\the-local-lantern\TheLocalLantern\backend\node_modules\mysql2\lib\connection.js:85:12)
    at PacketParser.executeStart (C:\Users\Nate\Documents\The Local Lantern\the-local-lantern\TheLocalLantern\backend\node_modules\mysql2\lib\packet_parser.js:75:16)
    at Socket.<anonymous> (C:\Users\Nate\Documents\The Local Lantern\the-local-lantern\TheLocalLantern\backend\node_modules\mysql2\lib\connection.js:92:25)
    at Socket.emit (node:events:524:28)
    at addChunk (node:internal/streams/readable:561:12)
    at readableAddChunkPushByteMode (node:internal/streams/readable:512:3)
    at Readable.push (node:internal/streams/readable:392:5)
2025-10-15T02:27:39.849Z error: Error: update `users` set `bio` = '', `handle` = 'natebutler', `privacy_json` = {}, `updated_at` = CURRENT_TIMESTAMP where `id` = 79 - You have an error in your SQL syntax; check the manual that corresponds to your MySQL server version for the right syntax to use near ', `updated_at` = CURRENT_TIMESTAMP where `id` = 79' at line 1
    at Packet.asError (C:\Users\Nate\Documents\The Local Lantern\the-local-lantern\TheLocalLantern\backend\node_modules\mysql2\lib\packets\packet.js:728:17)
    at Query.execute (C:\Users\Nate\Documents\The Local Lantern\the-local-lantern\TheLocalLantern\backend\node_modules\mysql2\lib\commands\command.js:29:26)
    at Connection.handlePacket (C:\Users\Nate\Documents\The Local Lantern\the-local-lantern\TheLocalLantern\backend\node_modules\mysql2\lib\connection.js:456:32)
    at PacketParser.onPacket (C:\Users\Nate\Documents\The Local Lantern\the-local-lantern\TheLocalLantern\backend\node_modules\mysql2\lib\connection.js:85:12)
    at PacketParser.executeStart (C:\Users\Nate\Documents\The Local Lantern\the-local-lantern\TheLocalLantern\backend\node_modules\mysql2\lib\packet_parser.js:75:16)
    at Socket.<anonymous> (C:\Users\Nate\Documents\The Local Lantern\the-local-lantern\TheLocalLantern\backend\node_modules\mysql2\lib\connection.js:92:25)
    at Socket.emit (node:events:524:28)
    at addChunk (node:internal/streams/readable:561:12)
    at readableAddChunkPushByteMode (node:internal/streams/readable:512:3)
    at Readable.push (node:internal/streams/readable:392:5)
2025-10-15T03:11:05.860Z error: MulterError: Unexpected field
    at wrappedFileFilter (C:\Users\Nate\Documents\The Local Lantern\the-local-lantern\TheLocalLantern\backend\node_modules\multer\index.js:40:19)
    at Multipart.<anonymous> (C:\Users\Nate\Documents\The Local Lantern\the-local-lantern\TheLocalLantern\backend\node_modules\multer\lib\make-middleware.js:109:7)
    at Multipart.emit (node:events:524:28)
    at HeaderParser.cb (C:\Users\Nate\Documents\The Local Lantern\the-local-lantern\TheLocalLantern\backend\node_modules\busboy\lib\types\multipart.js:358:14)
    at HeaderParser.push (C:\Users\Nate\Documents\The Local Lantern\the-local-lantern\TheLocalLantern\backend\node_modules\busboy\lib\types\multipart.js:162:20)
    at SBMH.ssCb [as _cb] (C:\Users\Nate\Documents\The Local Lantern\the-local-lantern\TheLocalLantern\backend\node_modules\busboy\lib\types\multipart.js:394:37)
    at feed (C:\Users\Nate\Documents\The Local Lantern\the-local-lantern\TheLocalLantern\backend\node_modules\streamsearch\lib\sbmh.js:219:14)
    at SBMH.push (C:\Users\Nate\Documents\The Local Lantern\the-local-lantern\TheLocalLantern\backend\node_modules\streamsearch\lib\sbmh.js:104:16)
    at Multipart._write (C:\Users\Nate\Documents\The Local Lantern\the-local-lantern\TheLocalLantern\backend\node_modules\busboy\lib\types\multipart.js:567:19)
    at writeOrBuffer (node:internal/streams/writable:572:12)
2025-10-15T03:17:56.347Z error: Error: update `users` set `bio` = 'HELLO?', `handle` = 'natebutler', `privacy_json` = {}, `updated_at` = CURRENT_TIMESTAMP where `id` = 79 - You have an error in your SQL syntax; check the manual that corresponds to your MySQL server version for the right syntax to use near ', `updated_at` = CURRENT_TIMESTAMP where `id` = 79' at line 1
    at Packet.asError (C:\Users\Nate\Documents\The Local Lantern\the-local-lantern\TheLocalLantern\backend\node_modules\mysql2\lib\packets\packet.js:728:17)
    at Query.execute (C:\Users\Nate\Documents\The Local Lantern\the-local-lantern\TheLocalLantern\backend\node_modules\mysql2\lib\commands\command.js:29:26)
    at Connection.handlePacket (C:\Users\Nate\Documents\The Local Lantern\the-local-lantern\TheLocalLantern\backend\node_modules\mysql2\lib\connection.js:456:32)
    at PacketParser.onPacket (C:\Users\Nate\Documents\The Local Lantern\the-local-lantern\TheLocalLantern\backend\node_modules\mysql2\lib\connection.js:85:12)
    at PacketParser.executeStart (C:\Users\Nate\Documents\The Local Lantern\the-local-lantern\TheLocalLantern\backend\node_modules\mysql2\lib\packet_parser.js:75:16)
    at Socket.<anonymous> (C:\Users\Nate\Documents\The Local Lantern\the-local-lantern\TheLocalLantern\backend\node_modules\mysql2\lib\connection.js:92:25)
    at Socket.emit (node:events:524:28)
    at addChunk (node:internal/streams/readable:561:12)
    at readableAddChunkPushByteMode (node:internal/streams/readable:512:3)
    at Readable.push (node:internal/streams/readable:392:5)
2025-10-15T19:37:40.268Z error: Error: select `id`, `public_id`, `handle`, `first_name`, `last_name`, `bio`, `avatar_url`, `profile_picture`, `cover_url`, `relationship`, `birthday`, `job_title`, `employer`, `high_school`, `college`, `degree`, `home_city`, `home_county`, `work_history_json`, `education_history_json`, `created_at`, `updated_at`, `privacy_json` from `users` where `id` = 79 limit 1 - Unknown column 'work_history_json' in 'field list'
    at Packet.asError (C:\Users\Nate\Documents\The Local Lantern\the-local-lantern\TheLocalLantern\backend\node_modules\mysql2\lib\packets\packet.js:728:17)
    at Query.execute (C:\Users\Nate\Documents\The Local Lantern\the-local-lantern\TheLocalLantern\backend\node_modules\mysql2\lib\commands\command.js:29:26)
    at Connection.handlePacket (C:\Users\Nate\Documents\The Local Lantern\the-local-lantern\TheLocalLantern\backend\node_modules\mysql2\lib\connection.js:456:32)
    at PacketParser.onPacket (C:\Users\Nate\Documents\The Local Lantern\the-local-lantern\TheLocalLantern\backend\node_modules\mysql2\lib\connection.js:85:12)
    at PacketParser.executeStart (C:\Users\Nate\Documents\The Local Lantern\the-local-lantern\TheLocalLantern\backend\node_modules\mysql2\lib\packet_parser.js:75:16)
    at Socket.<anonymous> (C:\Users\Nate\Documents\The Local Lantern\the-local-lantern\TheLocalLantern\backend\node_modules\mysql2\lib\connection.js:92:25)
    at Socket.emit (node:events:524:28)
    at addChunk (node:internal/streams/readable:561:12)
    at readableAddChunkPushByteMode (node:internal/streams/readable:512:3)
    at Readable.push (node:internal/streams/readable:392:5)
2025-10-15T19:38:18.198Z error: Error: select `id`, `public_id`, `handle`, `first_name`, `last_name`, `bio`, `avatar_url`, `profile_picture`, `cover_url`, `relationship`, `birthday`, `job_title`, `employer`, `high_school`, `college`, `degree`, `home_city`, `home_county`, `work_history_json`, `education_history_json`, `created_at`, `updated_at`, `privacy_json` from `users` where `id` = 79 limit 1 - Unknown column 'work_history_json' in 'field list'
    at Packet.asError (C:\Users\Nate\Documents\The Local Lantern\the-local-lantern\TheLocalLantern\backend\node_modules\mysql2\lib\packets\packet.js:728:17)
    at Query.execute (C:\Users\Nate\Documents\The Local Lantern\the-local-lantern\TheLocalLantern\backend\node_modules\mysql2\lib\commands\command.js:29:26)
    at Connection.handlePacket (C:\Users\Nate\Documents\The Local Lantern\the-local-lantern\TheLocalLantern\backend\node_modules\mysql2\lib\connection.js:456:32)
    at PacketParser.onPacket (C:\Users\Nate\Documents\The Local Lantern\the-local-lantern\TheLocalLantern\backend\node_modules\mysql2\lib\connection.js:85:12)
    at PacketParser.executeStart (C:\Users\Nate\Documents\The Local Lantern\the-local-lantern\TheLocalLantern\backend\node_modules\mysql2\lib\packet_parser.js:75:16)
    at Socket.<anonymous> (C:\Users\Nate\Documents\The Local Lantern\the-local-lantern\TheLocalLantern\backend\node_modules\mysql2\lib\connection.js:92:25)
    at Socket.emit (node:events:524:28)
    at addChunk (node:internal/streams/readable:561:12)
    at readableAddChunkPushByteMode (node:internal/streams/readable:512:3)
    at Readable.push (node:internal/streams/readable:392:5)
2025-10-15T19:38:18.356Z error: Error: select `id`, `public_id`, `handle`, `first_name`, `last_name`, `bio`, `avatar_url`, `profile_picture`, `cover_url`, `relationship`, `birthday`, `job_title`, `employer`, `high_school`, `college`, `degree`, `home_city`, `home_county`, `work_history_json`, `education_history_json`, `created_at`, `updated_at`, `privacy_json` from `users` where `id` = 79 limit 1 - Unknown column 'work_history_json' in 'field list'
    at Packet.asError (C:\Users\Nate\Documents\The Local Lantern\the-local-lantern\TheLocalLantern\backend\node_modules\mysql2\lib\packets\packet.js:728:17)
    at Query.execute (C:\Users\Nate\Documents\The Local Lantern\the-local-lantern\TheLocalLantern\backend\node_modules\mysql2\lib\commands\command.js:29:26)
    at Connection.handlePacket (C:\Users\Nate\Documents\The Local Lantern\the-local-lantern\TheLocalLantern\backend\node_modules\mysql2\lib\connection.js:456:32)
    at PacketParser.onPacket (C:\Users\Nate\Documents\The Local Lantern\the-local-lantern\TheLocalLantern\backend\node_modules\mysql2\lib\connection.js:85:12)
    at PacketParser.executeStart (C:\Users\Nate\Documents\The Local Lantern\the-local-lantern\TheLocalLantern\backend\node_modules\mysql2\lib\packet_parser.js:75:16)
    at Socket.<anonymous> (C:\Users\Nate\Documents\The Local Lantern\the-local-lantern\TheLocalLantern\backend\node_modules\mysql2\lib\connection.js:92:25)
    at Socket.emit (node:events:524:28)
    at addChunk (node:internal/streams/readable:561:12)
    at readableAddChunkPushByteMode (node:internal/streams/readable:512:3)
    at Readable.push (node:internal/streams/readable:392:5)
2025-10-15T19:38:54.084Z error: Error: select `id`, `public_id`, `handle`, `first_name`, `last_name`, `bio`, `avatar_url`, `profile_picture`, `cover_url`, `relationship`, `birthday`, `job_title`, `employer`, `high_school`, `college`, `degree`, `home_city`, `home_county`, `work_history_json`, `education_history_json`, `created_at`, `updated_at`, `privacy_json` from `users` where `id` = 79 limit 1 - Unknown column 'work_history_json' in 'field list'
    at Packet.asError (C:\Users\Nate\Documents\The Local Lantern\the-local-lantern\TheLocalLantern\backend\node_modules\mysql2\lib\packets\packet.js:728:17)
    at Query.execute (C:\Users\Nate\Documents\The Local Lantern\the-local-lantern\TheLocalLantern\backend\node_modules\mysql2\lib\commands\command.js:29:26)
    at Connection.handlePacket (C:\Users\Nate\Documents\The Local Lantern\the-local-lantern\TheLocalLantern\backend\node_modules\mysql2\lib\connection.js:456:32)
    at PacketParser.onPacket (C:\Users\Nate\Documents\The Local Lantern\the-local-lantern\TheLocalLantern\backend\node_modules\mysql2\lib\connection.js:85:12)
    at PacketParser.executeStart (C:\Users\Nate\Documents\The Local Lantern\the-local-lantern\TheLocalLantern\backend\node_modules\mysql2\lib\packet_parser.js:75:16)
    at Socket.<anonymous> (C:\Users\Nate\Documents\The Local Lantern\the-local-lantern\TheLocalLantern\backend\node_modules\mysql2\lib\connection.js:92:25)
    at Socket.emit (node:events:524:28)
    at addChunk (node:internal/streams/readable:561:12)
    at readableAddChunkPushByteMode (node:internal/streams/readable:512:3)
    at Readable.push (node:internal/streams/readable:392:5)
2025-10-15T19:38:54.259Z error: Error: select `id`, `public_id`, `handle`, `first_name`, `last_name`, `bio`, `avatar_url`, `profile_picture`, `cover_url`, `relationship`, `birthday`, `job_title`, `employer`, `high_school`, `college`, `degree`, `home_city`, `home_county`, `work_history_json`, `education_history_json`, `created_at`, `updated_at`, `privacy_json` from `users` where `id` = 79 limit 1 - Unknown column 'work_history_json' in 'field list'
    at Packet.asError (C:\Users\Nate\Documents\The Local Lantern\the-local-lantern\TheLocalLantern\backend\node_modules\mysql2\lib\packets\packet.js:728:17)
    at Query.execute (C:\Users\Nate\Documents\The Local Lantern\the-local-lantern\TheLocalLantern\backend\node_modules\mysql2\lib\commands\command.js:29:26)
    at Connection.handlePacket (C:\Users\Nate\Documents\The Local Lantern\the-local-lantern\TheLocalLantern\backend\node_modules\mysql2\lib\connection.js:456:32)
    at PacketParser.onPacket (C:\Users\Nate\Documents\The Local Lantern\the-local-lantern\TheLocalLantern\backend\node_modules\mysql2\lib\connection.js:85:12)
    at PacketParser.executeStart (C:\Users\Nate\Documents\The Local Lantern\the-local-lantern\TheLocalLantern\backend\node_modules\mysql2\lib\packet_parser.js:75:16)
    at Socket.<anonymous> (C:\Users\Nate\Documents\The Local Lantern\the-local-lantern\TheLocalLantern\backend\node_modules\mysql2\lib\connection.js:92:25)
    at Socket.emit (node:events:524:28)
    at addChunk (node:internal/streams/readable:561:12)
    at readableAddChunkPushByteMode (node:internal/streams/readable:512:3)
    at Readable.push (node:internal/streams/readable:392:5)
2025-10-15T19:39:03.068Z error: Error: select `id`, `public_id`, `handle`, `first_name`, `last_name`, `bio`, `avatar_url`, `profile_picture`, `cover_url`, `relationship`, `birthday`, `job_title`, `employer`, `high_school`, `college`, `degree`, `home_city`, `home_county`, `work_history_json`, `education_history_json`, `created_at`, `updated_at`, `privacy_json` from `users` where `id` = 79 limit 1 - Unknown column 'work_history_json' in 'field list'
    at Packet.asError (C:\Users\Nate\Documents\The Local Lantern\the-local-lantern\TheLocalLantern\backend\node_modules\mysql2\lib\packets\packet.js:728:17)
    at Query.execute (C:\Users\Nate\Documents\The Local Lantern\the-local-lantern\TheLocalLantern\backend\node_modules\mysql2\lib\commands\command.js:29:26)
    at Connection.handlePacket (C:\Users\Nate\Documents\The Local Lantern\the-local-lantern\TheLocalLantern\backend\node_modules\mysql2\lib\connection.js:456:32)
    at PacketParser.onPacket (C:\Users\Nate\Documents\The Local Lantern\the-local-lantern\TheLocalLantern\backend\node_modules\mysql2\lib\connection.js:85:12)
    at PacketParser.executeStart (C:\Users\Nate\Documents\The Local Lantern\the-local-lantern\TheLocalLantern\backend\node_modules\mysql2\lib\packet_parser.js:75:16)
    at Socket.<anonymous> (C:\Users\Nate\Documents\The Local Lantern\the-local-lantern\TheLocalLantern\backend\node_modules\mysql2\lib\connection.js:92:25)
    at Socket.emit (node:events:524:28)
    at addChunk (node:internal/streams/readable:561:12)
    at readableAddChunkPushByteMode (node:internal/streams/readable:512:3)
    at Readable.push (node:internal/streams/readable:392:5)
2025-10-15T19:39:32.066Z error: Error: select `id`, `public_id`, `handle`, `first_name`, `last_name`, `bio`, `avatar_url`, `profile_picture`, `cover_url`, `relationship`, `birthday`, `job_title`, `employer`, `high_school`, `college`, `degree`, `home_city`, `home_county`, `work_history_json`, `education_history_json`, `created_at`, `updated_at`, `privacy_json` from `users` where `id` = 79 limit 1 - Unknown column 'work_history_json' in 'field list'
    at Packet.asError (C:\Users\Nate\Documents\The Local Lantern\the-local-lantern\TheLocalLantern\backend\node_modules\mysql2\lib\packets\packet.js:728:17)
    at Query.execute (C:\Users\Nate\Documents\The Local Lantern\the-local-lantern\TheLocalLantern\backend\node_modules\mysql2\lib\commands\command.js:29:26)
    at Connection.handlePacket (C:\Users\Nate\Documents\The Local Lantern\the-local-lantern\TheLocalLantern\backend\node_modules\mysql2\lib\connection.js:456:32)
    at PacketParser.onPacket (C:\Users\Nate\Documents\The Local Lantern\the-local-lantern\TheLocalLantern\backend\node_modules\mysql2\lib\connection.js:85:12)
    at PacketParser.executeStart (C:\Users\Nate\Documents\The Local Lantern\the-local-lantern\TheLocalLantern\backend\node_modules\mysql2\lib\packet_parser.js:75:16)
    at Socket.<anonymous> (C:\Users\Nate\Documents\The Local Lantern\the-local-lantern\TheLocalLantern\backend\node_modules\mysql2\lib\connection.js:92:25)
    at Socket.emit (node:events:524:28)
    at addChunk (node:internal/streams/readable:561:12)
    at readableAddChunkPushByteMode (node:internal/streams/readable:512:3)
    at Readable.push (node:internal/streams/readable:392:5)
2025-10-15T19:39:32.627Z error: Error: select `id`, `public_id`, `handle`, `first_name`, `last_name`, `bio`, `avatar_url`, `profile_picture`, `cover_url`, `relationship`, `birthday`, `job_title`, `employer`, `high_school`, `college`, `degree`, `home_city`, `home_county`, `work_history_json`, `education_history_json`, `created_at`, `updated_at`, `privacy_json` from `users` where `id` = 79 limit 1 - Unknown column 'work_history_json' in 'field list'
    at Packet.asError (C:\Users\Nate\Documents\The Local Lantern\the-local-lantern\TheLocalLantern\backend\node_modules\mysql2\lib\packets\packet.js:728:17)
    at Query.execute (C:\Users\Nate\Documents\The Local Lantern\the-local-lantern\TheLocalLantern\backend\node_modules\mysql2\lib\commands\command.js:29:26)
    at Connection.handlePacket (C:\Users\Nate\Documents\The Local Lantern\the-local-lantern\TheLocalLantern\backend\node_modules\mysql2\lib\connection.js:456:32)
    at PacketParser.onPacket (C:\Users\Nate\Documents\The Local Lantern\the-local-lantern\TheLocalLantern\backend\node_modules\mysql2\lib\connection.js:85:12)
    at PacketParser.executeStart (C:\Users\Nate\Documents\The Local Lantern\the-local-lantern\TheLocalLantern\backend\node_modules\mysql2\lib\packet_parser.js:75:16)
    at Socket.<anonymous> (C:\Users\Nate\Documents\The Local Lantern\the-local-lantern\TheLocalLantern\backend\node_modules\mysql2\lib\connection.js:92:25)
    at Socket.emit (node:events:524:28)
    at addChunk (node:internal/streams/readable:561:12)
    at readableAddChunkPushByteMode (node:internal/streams/readable:512:3)
    at Readable.push (node:internal/streams/readable:392:5)
2025-10-15T19:40:28.489Z error: Error: select `id`, `public_id`, `handle`, `first_name`, `last_name`, `bio`, `avatar_url`, `profile_picture`, `cover_url`, `relationship`, `birthday`, `job_title`, `employer`, `high_school`, `college`, `degree`, `home_city`, `home_county`, `work_history_json`, `education_history_json`, `created_at`, `updated_at`, `privacy_json` from `users` where `id` = 79 limit 1 - Unknown column 'work_history_json' in 'field list'
    at Packet.asError (C:\Users\Nate\Documents\The Local Lantern\the-local-lantern\TheLocalLantern\backend\node_modules\mysql2\lib\packets\packet.js:728:17)
    at Query.execute (C:\Users\Nate\Documents\The Local Lantern\the-local-lantern\TheLocalLantern\backend\node_modules\mysql2\lib\commands\command.js:29:26)
    at Connection.handlePacket (C:\Users\Nate\Documents\The Local Lantern\the-local-lantern\TheLocalLantern\backend\node_modules\mysql2\lib\connection.js:456:32)
    at PacketParser.onPacket (C:\Users\Nate\Documents\The Local Lantern\the-local-lantern\TheLocalLantern\backend\node_modules\mysql2\lib\connection.js:85:12)
    at PacketParser.executeStart (C:\Users\Nate\Documents\The Local Lantern\the-local-lantern\TheLocalLantern\backend\node_modules\mysql2\lib\packet_parser.js:75:16)
    at Socket.<anonymous> (C:\Users\Nate\Documents\The Local Lantern\the-local-lantern\TheLocalLantern\backend\node_modules\mysql2\lib\connection.js:92:25)
    at Socket.emit (node:events:524:28)
    at addChunk (node:internal/streams/readable:561:12)
    at readableAddChunkPushByteMode (node:internal/streams/readable:512:3)
    at Readable.push (node:internal/streams/readable:392:5)
2025-10-15T19:40:28.748Z error: Error: select `id`, `public_id`, `handle`, `first_name`, `last_name`, `bio`, `avatar_url`, `profile_picture`, `cover_url`, `relationship`, `birthday`, `job_title`, `employer`, `high_school`, `college`, `degree`, `home_city`, `home_county`, `work_history_json`, `education_history_json`, `created_at`, `updated_at`, `privacy_json` from `users` where `id` = 79 limit 1 - Unknown column 'work_history_json' in 'field list'
    at Packet.asError (C:\Users\Nate\Documents\The Local Lantern\the-local-lantern\TheLocalLantern\backend\node_modules\mysql2\lib\packets\packet.js:728:17)
    at Query.execute (C:\Users\Nate\Documents\The Local Lantern\the-local-lantern\TheLocalLantern\backend\node_modules\mysql2\lib\commands\command.js:29:26)
    at Connection.handlePacket (C:\Users\Nate\Documents\The Local Lantern\the-local-lantern\TheLocalLantern\backend\node_modules\mysql2\lib\connection.js:456:32)
    at PacketParser.onPacket (C:\Users\Nate\Documents\The Local Lantern\the-local-lantern\TheLocalLantern\backend\node_modules\mysql2\lib\connection.js:85:12)
    at PacketParser.executeStart (C:\Users\Nate\Documents\The Local Lantern\the-local-lantern\TheLocalLantern\backend\node_modules\mysql2\lib\packet_parser.js:75:16)
    at Socket.<anonymous> (C:\Users\Nate\Documents\The Local Lantern\the-local-lantern\TheLocalLantern\backend\node_modules\mysql2\lib\connection.js:92:25)
    at Socket.emit (node:events:524:28)
    at addChunk (node:internal/streams/readable:561:12)
    at readableAddChunkPushByteMode (node:internal/streams/readable:512:3)
    at Readable.push (node:internal/streams/readable:392:5)
2025-10-15T19:47:49.950Z error: Error: update `users` set `bio` = 'Im just me!', `relationship` = '', `job_title` = '', `employer` = '', `high_school` = '', `college` = '', `degree` = '', `home_city` = '', `home_county` = 'Cleburne', `privacy_json` = '{}', `updated_at` = CURRENT_TIMESTAMP where `id` = 79 - Data truncated for column 'relationship' at row 1
    at Packet.asError (C:\Users\Nate\Documents\The Local Lantern\the-local-lantern\TheLocalLantern\backend\node_modules\mysql2\lib\packets\packet.js:728:17)
    at Query.execute (C:\Users\Nate\Documents\The Local Lantern\the-local-lantern\TheLocalLantern\backend\node_modules\mysql2\lib\commands\command.js:29:26)
    at Connection.handlePacket (C:\Users\Nate\Documents\The Local Lantern\the-local-lantern\TheLocalLantern\backend\node_modules\mysql2\lib\connection.js:456:32)
    at PacketParser.onPacket (C:\Users\Nate\Documents\The Local Lantern\the-local-lantern\TheLocalLantern\backend\node_modules\mysql2\lib\connection.js:85:12)
    at PacketParser.executeStart (C:\Users\Nate\Documents\The Local Lantern\the-local-lantern\TheLocalLantern\backend\node_modules\mysql2\lib\packet_parser.js:75:16)
    at Socket.<anonymous> (C:\Users\Nate\Documents\The Local Lantern\the-local-lantern\TheLocalLantern\backend\node_modules\mysql2\lib\connection.js:92:25)
    at Socket.emit (node:events:524:28)
    at addChunk (node:internal/streams/readable:561:12)
    at readableAddChunkPushByteMode (node:internal/streams/readable:512:3)
    at Readable.push (node:internal/streams/readable:392:5)
2025-10-15T22:09:32.676Z error: Error: update `users` set `bio` = 'Im just me!', `home_county` = 'Colbert', `birthday` = '2025-04-19', `relationship` = 'In a relationship', `privacy_json` = '{}', `updated_at` = CURRENT_TIMESTAMP where `id` = 79 - Data truncated for column 'relationship' at row 1
    at Packet.asError (C:\Users\Nate\Documents\The Local Lantern\the-local-lantern\TheLocalLantern\backend\node_modules\mysql2\lib\packets\packet.js:728:17)
    at Query.execute (C:\Users\Nate\Documents\The Local Lantern\the-local-lantern\TheLocalLantern\backend\node_modules\mysql2\lib\commands\command.js:29:26)
    at Connection.handlePacket (C:\Users\Nate\Documents\The Local Lantern\the-local-lantern\TheLocalLantern\backend\node_modules\mysql2\lib\connection.js:456:32)
    at PacketParser.onPacket (C:\Users\Nate\Documents\The Local Lantern\the-local-lantern\TheLocalLantern\backend\node_modules\mysql2\lib\connection.js:85:12)
    at PacketParser.executeStart (C:\Users\Nate\Documents\The Local Lantern\the-local-lantern\TheLocalLantern\backend\node_modules\mysql2\lib\packet_parser.js:75:16)
    at Socket.<anonymous> (C:\Users\Nate\Documents\The Local Lantern\the-local-lantern\TheLocalLantern\backend\node_modules\mysql2\lib\connection.js:92:25)
    at Socket.emit (node:events:524:28)
    at addChunk (node:internal/streams/readable:561:12)
    at readableAddChunkPushByteMode (node:internal/streams/readable:512:3)
    at Readable.push (node:internal/streams/readable:392:5)
2025-10-15T22:10:07.342Z error: Error: update `users` set `bio` = 'Im just me!', `home_county` = 'Colbert', `birthday` = '2025-04-19', `handle` = 'swisha', `handle_changed_at` = CURRENT_TIMESTAMP, `relationship` = 'In a relationship', `privacy_json` = '{}', `updated_at` = CURRENT_TIMESTAMP where `id` = 79 - Data truncated for column 'relationship' at row 1
    at Packet.asError (C:\Users\Nate\Documents\The Local Lantern\the-local-lantern\TheLocalLantern\backend\node_modules\mysql2\lib\packets\packet.js:728:17)
    at Query.execute (C:\Users\Nate\Documents\The Local Lantern\the-local-lantern\TheLocalLantern\backend\node_modules\mysql2\lib\commands\command.js:29:26)
    at Connection.handlePacket (C:\Users\Nate\Documents\The Local Lantern\the-local-lantern\TheLocalLantern\backend\node_modules\mysql2\lib\connection.js:456:32)
    at PacketParser.onPacket (C:\Users\Nate\Documents\The Local Lantern\the-local-lantern\TheLocalLantern\backend\node_modules\mysql2\lib\connection.js:85:12)
    at PacketParser.executeStart (C:\Users\Nate\Documents\The Local Lantern\the-local-lantern\TheLocalLantern\backend\node_modules\mysql2\lib\packet_parser.js:75:16)
    at Socket.<anonymous> (C:\Users\Nate\Documents\The Local Lantern\the-local-lantern\TheLocalLantern\backend\node_modules\mysql2\lib\connection.js:92:25)
    at Socket.emit (node:events:524:28)
    at addChunk (node:internal/streams/readable:561:12)
    at readableAddChunkPushByteMode (node:internal/streams/readable:512:3)
    at Readable.push (node:internal/streams/readable:392:5)
2025-10-15T22:10:18.632Z error: Error: update `users` set `bio` = 'Im just me!', `home_county` = 'Colbert', `birthday` = '2025-04-19', `handle` = 'swisha', `handle_changed_at` = CURRENT_TIMESTAMP, `relationship` = 'In a relationship', `privacy_json` = '{}', `updated_at` = CURRENT_TIMESTAMP where `id` = 79 - Data truncated for column 'relationship' at row 1
    at Packet.asError (C:\Users\Nate\Documents\The Local Lantern\the-local-lantern\TheLocalLantern\backend\node_modules\mysql2\lib\packets\packet.js:728:17)
    at Query.execute (C:\Users\Nate\Documents\The Local Lantern\the-local-lantern\TheLocalLantern\backend\node_modules\mysql2\lib\commands\command.js:29:26)
    at Connection.handlePacket (C:\Users\Nate\Documents\The Local Lantern\the-local-lantern\TheLocalLantern\backend\node_modules\mysql2\lib\connection.js:456:32)
    at PacketParser.onPacket (C:\Users\Nate\Documents\The Local Lantern\the-local-lantern\TheLocalLantern\backend\node_modules\mysql2\lib\connection.js:85:12)
    at PacketParser.executeStart (C:\Users\Nate\Documents\The Local Lantern\the-local-lantern\TheLocalLantern\backend\node_modules\mysql2\lib\packet_parser.js:75:16)
    at Socket.<anonymous> (C:\Users\Nate\Documents\The Local Lantern\the-local-lantern\TheLocalLantern\backend\node_modules\mysql2\lib\connection.js:92:25)
    at Socket.emit (node:events:524:28)
    at addChunk (node:internal/streams/readable:561:12)
    at readableAddChunkPushByteMode (node:internal/streams/readable:512:3)
    at Readable.push (node:internal/streams/readable:392:5)
2025-10-15T22:16:29.508Z error: SyntaxError: "[object Object]" is not valid JSON
    at JSON.parse (<anonymous>)
    at file:///C:/Users/Nate/Documents/The%20Local%20Lantern/the-local-lantern/TheLocalLantern/backend/src/routes/user.js:337:48
    at process.processTicksAndRejections (node:internal/process/task_queues:105:5)
2025-10-16T01:32:41.628Z error: Error: update `users` set `bio` = '', `job_title` = 'LOVER', `employer` = 'MYSELF', `high_school` = 'LIFE HIGH', `college` = 'JSU', `degree` = 'B.S.', `birthday` = '1994-04-19', `handle` = 'natebutler', `handle_changed_at` = CURRENT_TIMESTAMP, `relationship` = 'In a relationship', `privacy_json` = '{}', `updated_at` = CURRENT_TIMESTAMP where `id` = 79 - Data truncated for column 'relationship' at row 1
    at Packet.asError (C:\Users\Nate\Documents\The Local Lantern\the-local-lantern\TheLocalLantern\backend\node_modules\mysql2\lib\packets\packet.js:728:17)
    at Query.execute (C:\Users\Nate\Documents\The Local Lantern\the-local-lantern\TheLocalLantern\backend\node_modules\mysql2\lib\commands\command.js:29:26)
    at Connection.handlePacket (C:\Users\Nate\Documents\The Local Lantern\the-local-lantern\TheLocalLantern\backend\node_modules\mysql2\lib\connection.js:456:32)
    at PacketParser.onPacket (C:\Users\Nate\Documents\The Local Lantern\the-local-lantern\TheLocalLantern\backend\node_modules\mysql2\lib\connection.js:85:12)
    at PacketParser.executeStart (C:\Users\Nate\Documents\The Local Lantern\the-local-lantern\TheLocalLantern\backend\node_modules\mysql2\lib\packet_parser.js:75:16)
    at Socket.<anonymous> (C:\Users\Nate\Documents\The Local Lantern\the-local-lantern\TheLocalLantern\backend\node_modules\mysql2\lib\connection.js:92:25)
    at Socket.emit (node:events:524:28)
    at addChunk (node:internal/streams/readable:561:12)
    at readableAddChunkPushByteMode (node:internal/streams/readable:512:3)
    at Readable.push (node:internal/streams/readable:392:5)
2025-10-16T01:34:28.893Z error: SyntaxError: "[object Object]" is not valid JSON
    at JSON.parse (<anonymous>)
    at file:///C:/Users/Nate/Documents/The%20Local%20Lantern/the-local-lantern/TheLocalLantern/backend/src/routes/user.js:390:48
    at process.processTicksAndRejections (node:internal/process/task_queues:105:5)
2025-10-17T02:38:16.541Z error: Error: create table `user_handle_changes` (`id` int unsigned not null auto_increment primary key, `user_id` int not null, `old_handle` varchar(64) null, `new_handle` varchar(64) not null, `created_at` timestamp default CURRENT_TIMESTAMP) default character set utf8mb4 - Table 'user_handle_changes' already exists
    at Packet.asError (C:\Users\Nate\Documents\The Local Lantern\the-local-lantern\TheLocalLantern\backend\node_modules\mysql2\lib\packets\packet.js:728:17)
    at Query.execute (C:\Users\Nate\Documents\The Local Lantern\the-local-lantern\TheLocalLantern\backend\node_modules\mysql2\lib\commands\command.js:29:26)
    at Connection.handlePacket (C:\Users\Nate\Documents\The Local Lantern\the-local-lantern\TheLocalLantern\backend\node_modules\mysql2\lib\connection.js:456:32)
    at PacketParser.onPacket (C:\Users\Nate\Documents\The Local Lantern\the-local-lantern\TheLocalLantern\backend\node_modules\mysql2\lib\connection.js:85:12)
    at PacketParser.executeStart (C:\Users\Nate\Documents\The Local Lantern\the-local-lantern\TheLocalLantern\backend\node_modules\mysql2\lib\packet_parser.js:75:16)
    at Socket.<anonymous> (C:\Users\Nate\Documents\The Local Lantern\the-local-lantern\TheLocalLantern\backend\node_modules\mysql2\lib\connection.js:92:25)
    at Socket.emit (node:events:524:28)
    at addChunk (node:internal/streams/readable:561:12)
    at readableAddChunkPushByteMode (node:internal/streams/readable:512:3)
    at Readable.push (node:internal/streams/readable:392:5)
2025-10-17T17:20:19.397Z error: Error: create table `user_profile_photos` (`id` int unsigned not null auto_increment primary key, `user_id` int not null, `url` varchar(500) not null, `created_at` timestamp default CURRENT_TIMESTAMP) default character set utf8mb4 - Table 'user_profile_photos' already exists
    at Packet.asError (C:\Users\Nate\Documents\The Local Lantern\the-local-lantern\TheLocalLantern\backend\node_modules\mysql2\lib\packets\packet.js:728:17)
    at Query.execute (C:\Users\Nate\Documents\The Local Lantern\the-local-lantern\TheLocalLantern\backend\node_modules\mysql2\lib\commands\command.js:29:26)
    at Connection.handlePacket (C:\Users\Nate\Documents\The Local Lantern\the-local-lantern\TheLocalLantern\backend\node_modules\mysql2\lib\connection.js:456:32)
    at PacketParser.onPacket (C:\Users\Nate\Documents\The Local Lantern\the-local-lantern\TheLocalLantern\backend\node_modules\mysql2\lib\connection.js:85:12)
    at PacketParser.executeStart (C:\Users\Nate\Documents\The Local Lantern\the-local-lantern\TheLocalLantern\backend\node_modules\mysql2\lib\packet_parser.js:75:16)
    at Socket.<anonymous> (C:\Users\Nate\Documents\The Local Lantern\the-local-lantern\TheLocalLantern\backend\node_modules\mysql2\lib\connection.js:92:25)
    at Socket.emit (node:events:524:28)
    at addChunk (node:internal/streams/readable:561:12)
    at readableAddChunkPushByteMode (node:internal/streams/readable:512:3)
    at Readable.push (node:internal/streams/readable:392:5)
2025-10-17T21:05:34.954Z error: Error: create table `user_profile_photos` (`id` int unsigned not null auto_increment primary key, `user_id` int not null, `url` varchar(500) not null, `created_at` timestamp default CURRENT_TIMESTAMP) default character set utf8mb4 - Table 'user_profile_photos' already exists
    at Packet.asError (C:\Users\Nate\Documents\The Local Lantern\the-local-lantern\TheLocalLantern\backend\node_modules\mysql2\lib\packets\packet.js:728:17)
    at Query.execute (C:\Users\Nate\Documents\The Local Lantern\the-local-lantern\TheLocalLantern\backend\node_modules\mysql2\lib\commands\command.js:29:26)
    at Connection.handlePacket (C:\Users\Nate\Documents\The Local Lantern\the-local-lantern\TheLocalLantern\backend\node_modules\mysql2\lib\connection.js:456:32)
    at PacketParser.onPacket (C:\Users\Nate\Documents\The Local Lantern\the-local-lantern\TheLocalLantern\backend\node_modules\mysql2\lib\connection.js:85:12)
    at PacketParser.executeStart (C:\Users\Nate\Documents\The Local Lantern\the-local-lantern\TheLocalLantern\backend\node_modules\mysql2\lib\packet_parser.js:75:16)
    at Socket.<anonymous> (C:\Users\Nate\Documents\The Local Lantern\the-local-lantern\TheLocalLantern\backend\node_modules\mysql2\lib\connection.js:92:25)
    at Socket.emit (node:events:524:28)
    at addChunk (node:internal/streams/readable:561:12)
    at readableAddChunkPushByteMode (node:internal/streams/readable:512:3)
    at Readable.push (node:internal/streams/readable:392:5)
2025-10-17T21:05:37.036Z error: Error: create table `user_profile_photos` (`id` int unsigned not null auto_increment primary key, `user_id` int not null, `url` varchar(500) not null, `created_at` timestamp default CURRENT_TIMESTAMP) default character set utf8mb4 - Table 'user_profile_photos' already exists
    at Packet.asError (C:\Users\Nate\Documents\The Local Lantern\the-local-lantern\TheLocalLantern\backend\node_modules\mysql2\lib\packets\packet.js:728:17)
    at Query.execute (C:\Users\Nate\Documents\The Local Lantern\the-local-lantern\TheLocalLantern\backend\node_modules\mysql2\lib\commands\command.js:29:26)
    at Connection.handlePacket (C:\Users\Nate\Documents\The Local Lantern\the-local-lantern\TheLocalLantern\backend\node_modules\mysql2\lib\connection.js:456:32)
    at PacketParser.onPacket (C:\Users\Nate\Documents\The Local Lantern\the-local-lantern\TheLocalLantern\backend\node_modules\mysql2\lib\connection.js:85:12)
    at PacketParser.executeStart (C:\Users\Nate\Documents\The Local Lantern\the-local-lantern\TheLocalLantern\backend\node_modules\mysql2\lib\packet_parser.js:75:16)
    at Socket.<anonymous> (C:\Users\Nate\Documents\The Local Lantern\the-local-lantern\TheLocalLantern\backend\node_modules\mysql2\lib\connection.js:92:25)
    at Socket.emit (node:events:524:28)
    at addChunk (node:internal/streams/readable:561:12)
    at readableAddChunkPushByteMode (node:internal/streams/readable:512:3)
    at Readable.push (node:internal/streams/readable:392:5)
2025-10-17T21:06:20.374Z error: Error: create table `user_profile_photos` (`id` int unsigned not null auto_increment primary key, `user_id` int not null, `url` varchar(500) not null, `created_at` timestamp default CURRENT_TIMESTAMP) default character set utf8mb4 - Table 'user_profile_photos' already exists
    at Packet.asError (C:\Users\Nate\Documents\The Local Lantern\the-local-lantern\TheLocalLantern\backend\node_modules\mysql2\lib\packets\packet.js:728:17)
    at Query.execute (C:\Users\Nate\Documents\The Local Lantern\the-local-lantern\TheLocalLantern\backend\node_modules\mysql2\lib\commands\command.js:29:26)
    at Connection.handlePacket (C:\Users\Nate\Documents\The Local Lantern\the-local-lantern\TheLocalLantern\backend\node_modules\mysql2\lib\connection.js:456:32)
    at PacketParser.onPacket (C:\Users\Nate\Documents\The Local Lantern\the-local-lantern\TheLocalLantern\backend\node_modules\mysql2\lib\connection.js:85:12)
    at PacketParser.executeStart (C:\Users\Nate\Documents\The Local Lantern\the-local-lantern\TheLocalLantern\backend\node_modules\mysql2\lib\packet_parser.js:75:16)
    at Socket.<anonymous> (C:\Users\Nate\Documents\The Local Lantern\the-local-lantern\TheLocalLantern\backend\node_modules\mysql2\lib\connection.js:92:25)
    at Socket.emit (node:events:524:28)
    at addChunk (node:internal/streams/readable:561:12)
    at readableAddChunkPushByteMode (node:internal/streams/readable:512:3)
    at Readable.push (node:internal/streams/readable:392:5)
2025-10-17T21:06:49.042Z error: Error: create table `user_profile_photos` (`id` int unsigned not null auto_increment primary key, `user_id` int not null, `url` varchar(500) not null, `created_at` timestamp default CURRENT_TIMESTAMP) default character set utf8mb4 - Table 'user_profile_photos' already exists
    at Packet.asError (C:\Users\Nate\Documents\The Local Lantern\the-local-lantern\TheLocalLantern\backend\node_modules\mysql2\lib\packets\packet.js:728:17)
    at Query.execute (C:\Users\Nate\Documents\The Local Lantern\the-local-lantern\TheLocalLantern\backend\node_modules\mysql2\lib\commands\command.js:29:26)
    at Connection.handlePacket (C:\Users\Nate\Documents\The Local Lantern\the-local-lantern\TheLocalLantern\backend\node_modules\mysql2\lib\connection.js:456:32)
    at PacketParser.onPacket (C:\Users\Nate\Documents\The Local Lantern\the-local-lantern\TheLocalLantern\backend\node_modules\mysql2\lib\connection.js:85:12)
    at PacketParser.executeStart (C:\Users\Nate\Documents\The Local Lantern\the-local-lantern\TheLocalLantern\backend\node_modules\mysql2\lib\packet_parser.js:75:16)
    at Socket.<anonymous> (C:\Users\Nate\Documents\The Local Lantern\the-local-lantern\TheLocalLantern\backend\node_modules\mysql2\lib\connection.js:92:25)
    at Socket.emit (node:events:524:28)
    at addChunk (node:internal/streams/readable:561:12)
    at readableAddChunkPushByteMode (node:internal/streams/readable:512:3)
    at Readable.push (node:internal/streams/readable:392:5)
2025-10-17T21:08:24.689Z error: Error: create table `user_profile_photos` (`id` int unsigned not null auto_increment primary key, `user_id` int not null, `url` varchar(500) not null, `created_at` timestamp default CURRENT_TIMESTAMP) default character set utf8mb4 - Table 'user_profile_photos' already exists
    at Packet.asError (C:\Users\Nate\Documents\The Local Lantern\the-local-lantern\TheLocalLantern\backend\node_modules\mysql2\lib\packets\packet.js:728:17)
    at Query.execute (C:\Users\Nate\Documents\The Local Lantern\the-local-lantern\TheLocalLantern\backend\node_modules\mysql2\lib\commands\command.js:29:26)
    at Connection.handlePacket (C:\Users\Nate\Documents\The Local Lantern\the-local-lantern\TheLocalLantern\backend\node_modules\mysql2\lib\connection.js:456:32)
    at PacketParser.onPacket (C:\Users\Nate\Documents\The Local Lantern\the-local-lantern\TheLocalLantern\backend\node_modules\mysql2\lib\connection.js:85:12)
    at PacketParser.executeStart (C:\Users\Nate\Documents\The Local Lantern\the-local-lantern\TheLocalLantern\backend\node_modules\mysql2\lib\packet_parser.js:75:16)
    at Socket.<anonymous> (C:\Users\Nate\Documents\The Local Lantern\the-local-lantern\TheLocalLantern\backend\node_modules\mysql2\lib\connection.js:92:25)
    at Socket.emit (node:events:524:28)
    at addChunk (node:internal/streams/readable:561:12)
    at readableAddChunkPushByteMode (node:internal/streams/readable:512:3)
    at Readable.push (node:internal/streams/readable:392:5)
