2025-07-19T21:57:06.299Z error: Error: insert into `volunteer_help_requests` (`city`, `county`, `date_needed`, `description`, `help_type`, `id`, `latitude`, `longitude`, `photos`, `title`, `user_id`, `volunteers_needed`) values ('Hanover', 'Coosa', NULL, '', 'other', 77, 33, -86.2, '[]', 'Help me Cleatus!', 79, NULL) - Unknown column 'city' in 'field list'
    at Packet.asError (C:\Users\Nate\Documents\The Local Lantern\the-local-lantern\TheLocalLantern\backend\node_modules\mysql2\lib\packets\packet.js:728:17)
    at Query.execute (C:\Users\Nate\Documents\The Local Lantern\the-local-lantern\TheLocalLantern\backend\node_modules\mysql2\lib\commands\command.js:29:26)
    at Connection.handlePacket (C:\Users\Nate\Documents\The Local Lantern\the-local-lantern\TheLocalLantern\backend\node_modules\mysql2\lib\connection.js:456:32)
    at PacketParser.onPacket (C:\Users\Nate\Documents\The Local Lantern\the-local-lantern\TheLocalLantern\backend\node_modules\mysql2\lib\connection.js:85:12)
    at PacketParser.executeStart (C:\Users\Nate\Documents\The Local Lantern\the-local-lantern\TheLocalLantern\backend\node_modules\mysql2\lib\packet_parser.js:75:16)
    at Socket.<anonymous> (C:\Users\Nate\Documents\The Local Lantern\the-local-lantern\TheLocalLantern\backend\node_modules\mysql2\lib\connection.js:92:25)
    at Socket.emit (node:events:524:28)
    at addChunk (node:internal/streams/readable:561:12)
    at readableAddChunkPushByteMode (node:internal/streams/readable:512:3)
    at Readable.push (node:internal/streams/readable:392:5)
2025-07-21T16:01:32.830Z error: Error: select `cp`.*, `u`.`first_name`, `u`.`last_name`, `u`.`avatar_url`, cc.label AS categoryLabel, `lf`.`lost_or_found`, `lf`.`reward`, `psa`.`severity`, `psa`.`alert_type`, `psa`.`alert_type_other`, `vh`.`help_type`, `vh`.`needed_date`, `vh`.`contact`, MAX(rt.rec_type) AS rec_type, JSON_ARRAYAGG(p.url) AS photos, (select count(*) from `post_likes` where category = 'community_post' AND post_id = cp.id) as `likesCount`, EXISTS (SELECT 1 FROM post_likes WHERE category = 'community_post' AND post_id = cp.id AND user_id = 0) AS viewerLiked from `community_posts` as `cp` inner join `users` as `u` on `cp`.`user_id` = `u`.`id` left join `community_categories` as `cc` on `cp`.`category` = `cc`.`slug` left join `lost_and_found` as `lf` on `cp`.`id` = `lf`.`id` left join `announcements` as `a` on `cp`.`id` = `a`.`id` left join `public_safety_alerts` as `psa` on `cp`.`id` = `psa`.`id` left join `community_photos` as `p` on `cp`.`id` = `p`.`post_id` left join `recommendations_and_tips` as `rt` on `cp`.`id` = `rt`.`id` left join `volunteer_help_requests` as `vh` on `cp`.`id` = `vh`.`id` group by `cp`.`id` order by `cp`.`posted_at` desc - Unknown column 'vh.contact' in 'field list'
    at Packet.asError (C:\Users\Nate\Documents\The Local Lantern\the-local-lantern\TheLocalLantern\backend\node_modules\mysql2\lib\packets\packet.js:728:17)
    at Query.execute (C:\Users\Nate\Documents\The Local Lantern\the-local-lantern\TheLocalLantern\backend\node_modules\mysql2\lib\commands\command.js:29:26)
    at Connection.handlePacket (C:\Users\Nate\Documents\The Local Lantern\the-local-lantern\TheLocalLantern\backend\node_modules\mysql2\lib\connection.js:456:32)
    at PacketParser.onPacket (C:\Users\Nate\Documents\The Local Lantern\the-local-lantern\TheLocalLantern\backend\node_modules\mysql2\lib\connection.js:85:12)
    at PacketParser.executeStart (C:\Users\Nate\Documents\The Local Lantern\the-local-lantern\TheLocalLantern\backend\node_modules\mysql2\lib\packet_parser.js:75:16)
    at Socket.<anonymous> (C:\Users\Nate\Documents\The Local Lantern\the-local-lantern\TheLocalLantern\backend\node_modules\mysql2\lib\connection.js:92:25)
    at Socket.emit (node:events:524:28)
    at addChunk (node:internal/streams/readable:561:12)
    at readableAddChunkPushByteMode (node:internal/streams/readable:512:3)
    at Readable.push (node:internal/streams/readable:392:5)
2025-07-21T16:01:37.539Z error: Error: select `cp`.*, `u`.`first_name`, `u`.`last_name`, `u`.`avatar_url`, cc.label AS categoryLabel, `lf`.`lost_or_found`, `lf`.`reward`, `psa`.`severity`, `psa`.`alert_type`, `psa`.`alert_type_other`, `vh`.`help_type`, `vh`.`needed_date`, `vh`.`contact`, MAX(rt.rec_type) AS rec_type, JSON_ARRAYAGG(p.url) AS photos, (select count(*) from `post_likes` where category = 'community_post' AND post_id = cp.id) as `likesCount`, EXISTS (SELECT 1 FROM post_likes WHERE category = 'community_post' AND post_id = cp.id AND user_id = 0) AS viewerLiked from `community_posts` as `cp` inner join `users` as `u` on `cp`.`user_id` = `u`.`id` left join `community_categories` as `cc` on `cp`.`category` = `cc`.`slug` left join `lost_and_found` as `lf` on `cp`.`id` = `lf`.`id` left join `announcements` as `a` on `cp`.`id` = `a`.`id` left join `public_safety_alerts` as `psa` on `cp`.`id` = `psa`.`id` left join `community_photos` as `p` on `cp`.`id` = `p`.`post_id` left join `recommendations_and_tips` as `rt` on `cp`.`id` = `rt`.`id` left join `volunteer_help_requests` as `vh` on `cp`.`id` = `vh`.`id` group by `cp`.`id` order by `cp`.`posted_at` desc - Unknown column 'vh.contact' in 'field list'
    at Packet.asError (C:\Users\Nate\Documents\The Local Lantern\the-local-lantern\TheLocalLantern\backend\node_modules\mysql2\lib\packets\packet.js:728:17)
    at Query.execute (C:\Users\Nate\Documents\The Local Lantern\the-local-lantern\TheLocalLantern\backend\node_modules\mysql2\lib\commands\command.js:29:26)
    at Connection.handlePacket (C:\Users\Nate\Documents\The Local Lantern\the-local-lantern\TheLocalLantern\backend\node_modules\mysql2\lib\connection.js:456:32)
    at PacketParser.onPacket (C:\Users\Nate\Documents\The Local Lantern\the-local-lantern\TheLocalLantern\backend\node_modules\mysql2\lib\connection.js:85:12)
    at PacketParser.executeStart (C:\Users\Nate\Documents\The Local Lantern\the-local-lantern\TheLocalLantern\backend\node_modules\mysql2\lib\packet_parser.js:75:16)
    at Socket.<anonymous> (C:\Users\Nate\Documents\The Local Lantern\the-local-lantern\TheLocalLantern\backend\node_modules\mysql2\lib\connection.js:92:25)
    at Socket.emit (node:events:524:28)
    at addChunk (node:internal/streams/readable:561:12)
    at readableAddChunkPushByteMode (node:internal/streams/readable:512:3)
    at Readable.push (node:internal/streams/readable:392:5)
2025-07-21T16:01:37.554Z error: Error: select `cp`.*, `u`.`first_name`, `u`.`last_name`, `u`.`avatar_url`, cc.label AS categoryLabel, `lf`.`lost_or_found`, `lf`.`reward`, `psa`.`severity`, `psa`.`alert_type`, `psa`.`alert_type_other`, `vh`.`help_type`, `vh`.`needed_date`, `vh`.`contact`, MAX(rt.rec_type) AS rec_type, JSON_ARRAYAGG(p.url) AS photos, (select count(*) from `post_likes` where category = 'community_post' AND post_id = cp.id) as `likesCount`, EXISTS (SELECT 1 FROM post_likes WHERE category = 'community_post' AND post_id = cp.id AND user_id = 0) AS viewerLiked from `community_posts` as `cp` inner join `users` as `u` on `cp`.`user_id` = `u`.`id` left join `community_categories` as `cc` on `cp`.`category` = `cc`.`slug` left join `lost_and_found` as `lf` on `cp`.`id` = `lf`.`id` left join `announcements` as `a` on `cp`.`id` = `a`.`id` left join `public_safety_alerts` as `psa` on `cp`.`id` = `psa`.`id` left join `community_photos` as `p` on `cp`.`id` = `p`.`post_id` left join `recommendations_and_tips` as `rt` on `cp`.`id` = `rt`.`id` left join `volunteer_help_requests` as `vh` on `cp`.`id` = `vh`.`id` group by `cp`.`id` order by `cp`.`posted_at` desc - Unknown column 'vh.contact' in 'field list'
    at Packet.asError (C:\Users\Nate\Documents\The Local Lantern\the-local-lantern\TheLocalLantern\backend\node_modules\mysql2\lib\packets\packet.js:728:17)
    at Query.execute (C:\Users\Nate\Documents\The Local Lantern\the-local-lantern\TheLocalLantern\backend\node_modules\mysql2\lib\commands\command.js:29:26)
    at Connection.handlePacket (C:\Users\Nate\Documents\The Local Lantern\the-local-lantern\TheLocalLantern\backend\node_modules\mysql2\lib\connection.js:456:32)
    at PacketParser.onPacket (C:\Users\Nate\Documents\The Local Lantern\the-local-lantern\TheLocalLantern\backend\node_modules\mysql2\lib\connection.js:85:12)
    at PacketParser.executeStart (C:\Users\Nate\Documents\The Local Lantern\the-local-lantern\TheLocalLantern\backend\node_modules\mysql2\lib\packet_parser.js:75:16)
    at Socket.<anonymous> (C:\Users\Nate\Documents\The Local Lantern\the-local-lantern\TheLocalLantern\backend\node_modules\mysql2\lib\connection.js:92:25)
    at Socket.emit (node:events:524:28)
    at addChunk (node:internal/streams/readable:561:12)
    at readableAddChunkPushByteMode (node:internal/streams/readable:512:3)
    at Readable.push (node:internal/streams/readable:392:5)
2025-07-21T16:01:37.588Z error: Error: select `cp`.*, `u`.`first_name`, `u`.`last_name`, `u`.`avatar_url`, cc.label AS categoryLabel, `lf`.`lost_or_found`, `lf`.`reward`, `psa`.`severity`, `psa`.`alert_type`, `psa`.`alert_type_other`, `vh`.`help_type`, `vh`.`needed_date`, `vh`.`contact`, MAX(rt.rec_type) AS rec_type, JSON_ARRAYAGG(p.url) AS photos, (select count(*) from `post_likes` where category = 'community_post' AND post_id = cp.id) as `likesCount`, EXISTS (SELECT 1 FROM post_likes WHERE category = 'community_post' AND post_id = cp.id AND user_id = 0) AS viewerLiked from `community_posts` as `cp` inner join `users` as `u` on `cp`.`user_id` = `u`.`id` left join `community_categories` as `cc` on `cp`.`category` = `cc`.`slug` left join `lost_and_found` as `lf` on `cp`.`id` = `lf`.`id` left join `announcements` as `a` on `cp`.`id` = `a`.`id` left join `public_safety_alerts` as `psa` on `cp`.`id` = `psa`.`id` left join `community_photos` as `p` on `cp`.`id` = `p`.`post_id` left join `recommendations_and_tips` as `rt` on `cp`.`id` = `rt`.`id` left join `volunteer_help_requests` as `vh` on `cp`.`id` = `vh`.`id` where `cp`.`category` = 'lost-and-found' group by `cp`.`id` order by `cp`.`posted_at` desc - Unknown column 'vh.contact' in 'field list'
    at Packet.asError (C:\Users\Nate\Documents\The Local Lantern\the-local-lantern\TheLocalLantern\backend\node_modules\mysql2\lib\packets\packet.js:728:17)
    at Query.execute (C:\Users\Nate\Documents\The Local Lantern\the-local-lantern\TheLocalLantern\backend\node_modules\mysql2\lib\commands\command.js:29:26)
    at Connection.handlePacket (C:\Users\Nate\Documents\The Local Lantern\the-local-lantern\TheLocalLantern\backend\node_modules\mysql2\lib\connection.js:456:32)
    at PacketParser.onPacket (C:\Users\Nate\Documents\The Local Lantern\the-local-lantern\TheLocalLantern\backend\node_modules\mysql2\lib\connection.js:85:12)
    at PacketParser.executeStart (C:\Users\Nate\Documents\The Local Lantern\the-local-lantern\TheLocalLantern\backend\node_modules\mysql2\lib\packet_parser.js:75:16)
    at Socket.<anonymous> (C:\Users\Nate\Documents\The Local Lantern\the-local-lantern\TheLocalLantern\backend\node_modules\mysql2\lib\connection.js:92:25)
    at Socket.emit (node:events:524:28)
    at addChunk (node:internal/streams/readable:561:12)
    at readableAddChunkPushByteMode (node:internal/streams/readable:512:3)
    at Readable.push (node:internal/streams/readable:392:5)
2025-07-21T16:01:38.807Z error: Error: select `cp`.*, `u`.`first_name`, `u`.`last_name`, `u`.`avatar_url`, cc.label AS categoryLabel, `lf`.`lost_or_found`, `lf`.`reward`, `psa`.`severity`, `psa`.`alert_type`, `psa`.`alert_type_other`, `vh`.`help_type`, `vh`.`needed_date`, `vh`.`contact`, MAX(rt.rec_type) AS rec_type, JSON_ARRAYAGG(p.url) AS photos, (select count(*) from `post_likes` where category = 'community_post' AND post_id = cp.id) as `likesCount`, EXISTS (SELECT 1 FROM post_likes WHERE category = 'community_post' AND post_id = cp.id AND user_id = 0) AS viewerLiked from `community_posts` as `cp` inner join `users` as `u` on `cp`.`user_id` = `u`.`id` left join `community_categories` as `cc` on `cp`.`category` = `cc`.`slug` left join `lost_and_found` as `lf` on `cp`.`id` = `lf`.`id` left join `announcements` as `a` on `cp`.`id` = `a`.`id` left join `public_safety_alerts` as `psa` on `cp`.`id` = `psa`.`id` left join `community_photos` as `p` on `cp`.`id` = `p`.`post_id` left join `recommendations_and_tips` as `rt` on `cp`.`id` = `rt`.`id` left join `volunteer_help_requests` as `vh` on `cp`.`id` = `vh`.`id` where `cp`.`category` = 'lost-and-found' group by `cp`.`id` order by `cp`.`posted_at` desc - Unknown column 'vh.contact' in 'field list'
    at Packet.asError (C:\Users\Nate\Documents\The Local Lantern\the-local-lantern\TheLocalLantern\backend\node_modules\mysql2\lib\packets\packet.js:728:17)
    at Query.execute (C:\Users\Nate\Documents\The Local Lantern\the-local-lantern\TheLocalLantern\backend\node_modules\mysql2\lib\commands\command.js:29:26)
    at Connection.handlePacket (C:\Users\Nate\Documents\The Local Lantern\the-local-lantern\TheLocalLantern\backend\node_modules\mysql2\lib\connection.js:456:32)
    at PacketParser.onPacket (C:\Users\Nate\Documents\The Local Lantern\the-local-lantern\TheLocalLantern\backend\node_modules\mysql2\lib\connection.js:85:12)
    at PacketParser.executeStart (C:\Users\Nate\Documents\The Local Lantern\the-local-lantern\TheLocalLantern\backend\node_modules\mysql2\lib\packet_parser.js:75:16)
    at Socket.<anonymous> (C:\Users\Nate\Documents\The Local Lantern\the-local-lantern\TheLocalLantern\backend\node_modules\mysql2\lib\connection.js:92:25)
    at Socket.emit (node:events:524:28)
    at addChunk (node:internal/streams/readable:561:12)
    at readableAddChunkPushByteMode (node:internal/streams/readable:512:3)
    at Readable.push (node:internal/streams/readable:392:5)
2025-07-21T16:01:38.823Z error: Error: select `cp`.*, `u`.`first_name`, `u`.`last_name`, `u`.`avatar_url`, cc.label AS categoryLabel, `lf`.`lost_or_found`, `lf`.`reward`, `psa`.`severity`, `psa`.`alert_type`, `psa`.`alert_type_other`, `vh`.`help_type`, `vh`.`needed_date`, `vh`.`contact`, MAX(rt.rec_type) AS rec_type, JSON_ARRAYAGG(p.url) AS photos, (select count(*) from `post_likes` where category = 'community_post' AND post_id = cp.id) as `likesCount`, EXISTS (SELECT 1 FROM post_likes WHERE category = 'community_post' AND post_id = cp.id AND user_id = 0) AS viewerLiked from `community_posts` as `cp` inner join `users` as `u` on `cp`.`user_id` = `u`.`id` left join `community_categories` as `cc` on `cp`.`category` = `cc`.`slug` left join `lost_and_found` as `lf` on `cp`.`id` = `lf`.`id` left join `announcements` as `a` on `cp`.`id` = `a`.`id` left join `public_safety_alerts` as `psa` on `cp`.`id` = `psa`.`id` left join `community_photos` as `p` on `cp`.`id` = `p`.`post_id` left join `recommendations_and_tips` as `rt` on `cp`.`id` = `rt`.`id` left join `volunteer_help_requests` as `vh` on `cp`.`id` = `vh`.`id` where `cp`.`category` = 'lost-and-found' group by `cp`.`id` order by `cp`.`posted_at` desc - Unknown column 'vh.contact' in 'field list'
    at Packet.asError (C:\Users\Nate\Documents\The Local Lantern\the-local-lantern\TheLocalLantern\backend\node_modules\mysql2\lib\packets\packet.js:728:17)
    at Query.execute (C:\Users\Nate\Documents\The Local Lantern\the-local-lantern\TheLocalLantern\backend\node_modules\mysql2\lib\commands\command.js:29:26)
    at Connection.handlePacket (C:\Users\Nate\Documents\The Local Lantern\the-local-lantern\TheLocalLantern\backend\node_modules\mysql2\lib\connection.js:456:32)
    at PacketParser.onPacket (C:\Users\Nate\Documents\The Local Lantern\the-local-lantern\TheLocalLantern\backend\node_modules\mysql2\lib\connection.js:85:12)
    at PacketParser.executeStart (C:\Users\Nate\Documents\The Local Lantern\the-local-lantern\TheLocalLantern\backend\node_modules\mysql2\lib\packet_parser.js:75:16)
    at Socket.<anonymous> (C:\Users\Nate\Documents\The Local Lantern\the-local-lantern\TheLocalLantern\backend\node_modules\mysql2\lib\connection.js:92:25)
    at Socket.emit (node:events:524:28)
    at addChunk (node:internal/streams/readable:561:12)
    at readableAddChunkPushByteMode (node:internal/streams/readable:512:3)
    at Readable.push (node:internal/streams/readable:392:5)
2025-07-21T16:01:38.850Z error: Error: select `cp`.*, `u`.`first_name`, `u`.`last_name`, `u`.`avatar_url`, cc.label AS categoryLabel, `lf`.`lost_or_found`, `lf`.`reward`, `psa`.`severity`, `psa`.`alert_type`, `psa`.`alert_type_other`, `vh`.`help_type`, `vh`.`needed_date`, `vh`.`contact`, MAX(rt.rec_type) AS rec_type, JSON_ARRAYAGG(p.url) AS photos, (select count(*) from `post_likes` where category = 'community_post' AND post_id = cp.id) as `likesCount`, EXISTS (SELECT 1 FROM post_likes WHERE category = 'community_post' AND post_id = cp.id AND user_id = 0) AS viewerLiked from `community_posts` as `cp` inner join `users` as `u` on `cp`.`user_id` = `u`.`id` left join `community_categories` as `cc` on `cp`.`category` = `cc`.`slug` left join `lost_and_found` as `lf` on `cp`.`id` = `lf`.`id` left join `announcements` as `a` on `cp`.`id` = `a`.`id` left join `public_safety_alerts` as `psa` on `cp`.`id` = `psa`.`id` left join `community_photos` as `p` on `cp`.`id` = `p`.`post_id` left join `recommendations_and_tips` as `rt` on `cp`.`id` = `rt`.`id` left join `volunteer_help_requests` as `vh` on `cp`.`id` = `vh`.`id` group by `cp`.`id` order by `cp`.`posted_at` desc - Unknown column 'vh.contact' in 'field list'
    at Packet.asError (C:\Users\Nate\Documents\The Local Lantern\the-local-lantern\TheLocalLantern\backend\node_modules\mysql2\lib\packets\packet.js:728:17)
    at Query.execute (C:\Users\Nate\Documents\The Local Lantern\the-local-lantern\TheLocalLantern\backend\node_modules\mysql2\lib\commands\command.js:29:26)
    at Connection.handlePacket (C:\Users\Nate\Documents\The Local Lantern\the-local-lantern\TheLocalLantern\backend\node_modules\mysql2\lib\connection.js:456:32)
    at PacketParser.onPacket (C:\Users\Nate\Documents\The Local Lantern\the-local-lantern\TheLocalLantern\backend\node_modules\mysql2\lib\connection.js:85:12)
    at PacketParser.executeStart (C:\Users\Nate\Documents\The Local Lantern\the-local-lantern\TheLocalLantern\backend\node_modules\mysql2\lib\packet_parser.js:75:16)
    at Socket.<anonymous> (C:\Users\Nate\Documents\The Local Lantern\the-local-lantern\TheLocalLantern\backend\node_modules\mysql2\lib\connection.js:92:25)
    at Socket.emit (node:events:524:28)
    at addChunk (node:internal/streams/readable:561:12)
    at readableAddChunkPushByteMode (node:internal/streams/readable:512:3)
    at Readable.push (node:internal/streams/readable:392:5)
2025-07-22T02:00:37.830Z error: Error: select `cp`.*, `u`.`first_name`, `u`.`last_name`, `u`.`avatar_url`, cc.label AS categoryLabel, `lf`.`lost_or_found`, `lf`.`reward`, `psa`.`severity`, `psa`.`alert_type`, `psa`.`alert_type_other`, `vh`.`help_type`, `vh`.`needed_date`, `vh`.`contact`, MAX(rt.rec_type) AS rec_type, JSON_ARRAYAGG(p.url) AS photos, (select count(*) from `post_likes` where category = 'community_post' AND post_id = cp.id) as `likesCount`, EXISTS (SELECT 1 FROM post_likes WHERE category = 'community_post' AND post_id = cp.id AND user_id = 0) AS viewerLiked from `community_posts` as `cp` inner join `users` as `u` on `cp`.`user_id` = `u`.`id` left join `community_categories` as `cc` on `cp`.`category` = `cc`.`slug` left join `lost_and_found` as `lf` on `cp`.`id` = `lf`.`id` left join `announcements` as `a` on `cp`.`id` = `a`.`id` left join `public_safety_alerts` as `psa` on `cp`.`id` = `psa`.`id` left join `community_photos` as `p` on `cp`.`id` = `p`.`post_id` left join `recommendations_and_tips` as `rt` on `cp`.`id` = `rt`.`id` left join `volunteer_help_requests` as `vh` on `cp`.`id` = `vh`.`id` group by `cp`.`id` order by `cp`.`posted_at` desc - Unknown column 'vh.contact' in 'field list'
    at Packet.asError (C:\Users\Nate\Documents\The Local Lantern\the-local-lantern\TheLocalLantern\backend\node_modules\mysql2\lib\packets\packet.js:728:17)
    at Query.execute (C:\Users\Nate\Documents\The Local Lantern\the-local-lantern\TheLocalLantern\backend\node_modules\mysql2\lib\commands\command.js:29:26)
    at Connection.handlePacket (C:\Users\Nate\Documents\The Local Lantern\the-local-lantern\TheLocalLantern\backend\node_modules\mysql2\lib\connection.js:456:32)
    at PacketParser.onPacket (C:\Users\Nate\Documents\The Local Lantern\the-local-lantern\TheLocalLantern\backend\node_modules\mysql2\lib\connection.js:85:12)
    at PacketParser.executeStart (C:\Users\Nate\Documents\The Local Lantern\the-local-lantern\TheLocalLantern\backend\node_modules\mysql2\lib\packet_parser.js:75:16)
    at Socket.<anonymous> (C:\Users\Nate\Documents\The Local Lantern\the-local-lantern\TheLocalLantern\backend\node_modules\mysql2\lib\connection.js:92:25)
    at Socket.emit (node:events:524:28)
    at addChunk (node:internal/streams/readable:561:12)
    at readableAddChunkPushByteMode (node:internal/streams/readable:512:3)
    at Readable.push (node:internal/streams/readable:392:5)
2025-07-22T19:03:25.706Z error: Error: select `cp`.*, `u`.`first_name`, `u`.`last_name`, `u`.`avatar_url`, cc.label AS categoryLabel, `lf`.`lost_or_found`, `lf`.`reward`, `psa`.`severity`, `psa`.`alert_type`, `psa`.`alert_type_other`, `vh`.`help_type`, `vh`.`needed_date`, `vh`.`contact`, MAX(rt.rec_type) AS rec_type, JSON_ARRAYAGG(p.url) AS photos, (select count(*) from `post_likes` where category = 'community_post' AND post_id = cp.id) as `likesCount`, EXISTS (SELECT 1 FROM post_likes WHERE category = 'community_post' AND post_id = cp.id AND user_id = 0) AS viewerLiked from `community_posts` as `cp` inner join `users` as `u` on `cp`.`user_id` = `u`.`id` left join `community_categories` as `cc` on `cp`.`category` = `cc`.`slug` left join `lost_and_found` as `lf` on `cp`.`id` = `lf`.`id` left join `announcements` as `a` on `cp`.`id` = `a`.`id` left join `public_safety_alerts` as `psa` on `cp`.`id` = `psa`.`id` left join `community_photos` as `p` on `cp`.`id` = `p`.`post_id` left join `recommendations_and_tips` as `rt` on `cp`.`id` = `rt`.`id` left join `volunteer_help_requests` as `vh` on `cp`.`id` = `vh`.`id` group by `cp`.`id` order by `cp`.`posted_at` desc - Unknown column 'vh.contact' in 'field list'
    at Packet.asError (C:\Users\Nate\Documents\The Local Lantern\the-local-lantern\TheLocalLantern\backend\node_modules\mysql2\lib\packets\packet.js:728:17)
    at Query.execute (C:\Users\Nate\Documents\The Local Lantern\the-local-lantern\TheLocalLantern\backend\node_modules\mysql2\lib\commands\command.js:29:26)
    at Connection.handlePacket (C:\Users\Nate\Documents\The Local Lantern\the-local-lantern\TheLocalLantern\backend\node_modules\mysql2\lib\connection.js:456:32)
    at PacketParser.onPacket (C:\Users\Nate\Documents\The Local Lantern\the-local-lantern\TheLocalLantern\backend\node_modules\mysql2\lib\connection.js:85:12)
    at PacketParser.executeStart (C:\Users\Nate\Documents\The Local Lantern\the-local-lantern\TheLocalLantern\backend\node_modules\mysql2\lib\packet_parser.js:75:16)
    at Socket.<anonymous> (C:\Users\Nate\Documents\The Local Lantern\the-local-lantern\TheLocalLantern\backend\node_modules\mysql2\lib\connection.js:92:25)
    at Socket.emit (node:events:524:28)
    at addChunk (node:internal/streams/readable:561:12)
    at readableAddChunkPushByteMode (node:internal/streams/readable:512:3)
    at Readable.push (node:internal/streams/readable:392:5)
